
R version 4.0.3 (2020-10-10) -- "Bunny-Wunnies Freak Out"
Copyright (C) 2020 The R Foundation for Statistical Computing
Platform: x86_64-pc-linux-gnu (64-bit)

R is free software and comes with ABSOLUTELY NO WARRANTY.
You are welcome to redistribute it under certain conditions.
Type 'license()' or 'licence()' for distribution details.

  Natural language support but running in an English locale

R is a collaborative project with many contributors.
Type 'contributors()' for more information and
'citation()' on how to cite R or R packages in publications.

Type 'demo()' for some demos, 'help()' for on-line help, or
'help.start()' for an HTML browser interface to help.
Type 'q()' to quit R.

> dyn.load("pan.so")
> source("pan.R")
> YData <- read.csv('YData.csv', header = TRUE)
> N <- dim(YData)[1] ; P <- dim(YData)[2]
> X <- cbind(YData$Type.t == 2, YData$Type.t == 3, YData$Type.t == 4, YData$time)
> # YData : A dataset. 
> # Response variables are : Y1, Y2, Y3, and Y4.
> # Type.t and time are predictors.
> # X : design matrix of predictors
> 
> M <- 10 # number of imputations
> prior <- list(a=1, Binv=1, c=1, Dinv=1) # Specified priors
> PAN.y1 <- matrix(0, N, M)
> 
> # The place where errors occur #
> options(echo=FALSE,width=200)
m = 1 
m = 2 
m = 3 
m = 4 
m = 5 
m = 6 
m = 7 
m = 8 
m = 9 
m = 10 
            y1    y2    y3    y4      y5    y6    y7    y8    y9   y10
   [1,] 36.867 36.87 36.87 36.87  36.867 36.87 36.87 36.87 36.87 36.87
   [2,] 47.365 47.36 47.36 47.36  47.365 47.36 47.36 47.36 47.36 47.36
   [3,] 47.051 47.05 47.05 47.05  47.051 47.05 47.05 47.05 47.05 47.05
   [4,] 45.224 45.22 45.22 45.22  45.224 45.22 45.22 45.22 45.22 45.22
   [5,] 46.730 46.73 46.73 46.73  46.730 46.73 46.73 46.73 46.73 46.73
   [6,] 46.082 46.08 46.08 46.08  46.082 46.08 46.08 46.08 46.08 46.08
   [7,] 53.742 53.74 53.74 53.74  53.742 53.74 53.74 53.74 53.74 53.74
   [8,] 43.099 43.10 43.10 43.10  43.099 43.10 43.10 43.10 43.10 43.10
   [9,] 40.644 40.64 40.64 40.64  40.644 40.64 40.64 40.64 40.64 40.64
  [10,] 47.713 47.71 47.71 47.71  47.713 47.71 47.71 47.71 47.71 47.71
  [11,] 35.264 35.26 35.26 35.26  35.264 35.26 35.26 35.26 35.26 35.26
  [12,] 29.796 29.80 29.80 29.80  29.796 29.80 29.80 29.80 29.80 29.80
  [13,] 45.392 45.39 45.39 45.39  45.392 45.39 45.39 45.39 45.39 45.39
  [14,] 36.915 36.91 36.91 36.91  36.915 36.91 36.91 36.91 36.91 36.91
  [15,] 33.693 33.69 33.69 33.69  33.693 33.69 33.69 33.69 33.69 33.69
  [16,] 44.805 44.80 44.80 44.80  44.805 44.80 44.80 44.80 44.80 44.80
  [17,] 39.577 39.58 39.58 39.58  39.577 39.58 39.58 39.58 39.58 39.58
  [18,] 25.723 25.72 25.72 25.72  25.723 25.72 25.72 25.72 25.72 25.72
  [19,] 47.679 47.68 47.68 47.68  47.679 47.68 47.68 47.68 47.68 47.68
  [20,] 49.352 32.17 26.14 48.76  22.436 26.66 46.45 27.69 35.89 44.13
  [21,] 44.805 44.80 44.80 44.80  44.805 44.80 44.80 44.80 44.80 44.80
  [22,] 46.123 46.12 46.12 46.12  46.123 46.12 46.12 46.12 46.12 46.12
  [23,] 41.588 23.48 37.29 20.38  51.404 27.87 54.07 30.93 42.47 32.78
  [24,] 39.426 39.43 39.43 39.43  39.426 39.43 39.43 39.43 39.43 39.43
  [25,] 38.279 38.28 38.28 38.28  38.279 38.28 38.28 38.28 38.28 38.28
  [26,] 42.057 42.06 42.06 42.06  42.057 42.06 42.06 42.06 42.06 42.06
  [27,] 45.392 45.39 45.39 45.39  45.392 45.39 45.39 45.39 45.39 45.39
  [28,] 51.915 50.88 55.57 33.68  34.898 28.80 56.11 64.98 41.44 56.08
  [29,] 61.257 49.71 56.79 44.91  12.917 48.85 26.28 48.87 52.49 54.25
  [30,] 44.243 44.24 44.24 44.24  44.243 44.24 44.24 44.24 44.24 44.24
  [31,] 32.432 32.43 32.43 32.43  32.432 32.43 32.43 32.43 32.43 32.43
  [32,] 44.468 44.47 44.47 44.47  44.468 44.47 44.47 44.47 44.47 44.47
  [33,] 38.169 38.17 38.17 38.17  38.169 38.17 38.17 38.17 38.17 38.17
  [34,] 46.123 46.12 46.12 46.12  46.123 46.12 46.12 46.12 46.12 46.12
  [35,] 44.624 44.62 44.62 44.62  44.624 44.62 44.62 44.62 44.62 44.62
  [36,] 39.165 39.16 39.16 39.16  39.165 39.16 39.16 39.16 39.16 39.16
  [37,] 49.573 49.57 49.57 49.57  49.573 49.57 49.57 49.57 49.57 49.57
  [38,] 32.751 32.75 32.75 32.75  32.751 32.75 32.75 32.75 32.75 32.75
  [39,] 45.532 45.53 45.53 45.53  45.532 45.53 45.53 45.53 45.53 45.53
  [40,] 48.575 48.57 48.57 48.57  48.575 48.57 48.57 48.57 48.57 48.57
  [41,] 45.392 45.39 45.39 45.39  45.392 45.39 45.39 45.39 45.39 45.39
  [42,] 53.186 53.19 53.19 53.19  53.186 53.19 53.19 53.19 53.19 53.19
  [43,] 46.202 46.20 46.20 46.20  46.202 46.20 46.20 46.20 46.20 46.20
  [44,] 39.577 45.86 51.61 50.89  48.575 48.68 54.32 66.57 29.30 51.01
  [45,] 46.262 46.26 46.26 46.26  46.262 46.26 46.26 46.26 46.26 46.26
  [46,] 44.805 44.80 44.80 44.80  44.805 44.80 44.80 44.80 44.80 44.80
  [47,] 36.634 59.00 51.13 32.96  23.907 49.27 58.45 61.59 42.93 34.04
  [48,] 45.392 45.39 45.39 45.39  45.392 45.39 45.39 45.39 45.39 45.39
  [49,] 43.506 43.51 43.51 43.51  43.506 43.51 43.51 43.51 43.51 43.51
  [50,] 40.065 40.07 40.07 40.07  40.065 40.07 40.07 40.07 40.07 40.07
  [51,] 43.293 43.29 43.29 43.29  43.293 43.29 43.29 43.29 43.29 43.29
  [52,] 38.190 38.19 38.19 38.19  38.190 38.19 38.19 38.19 38.19 38.19
  [53,] 46.545 46.55 46.55 46.55  46.545 46.55 46.55 46.55 46.55 46.55
  [54,] 44.805 44.80 44.80 44.80  44.805 44.80 44.80 44.80 44.80 44.80
  [55,] 36.428 36.43 36.43 36.43  36.428 36.43 36.43 36.43 36.43 36.43
  [56,] 44.578 44.58 44.58 44.58  44.578 44.58 44.58 44.58 44.58 44.58
  [57,] 36.339 36.34 36.34 36.34  36.339 36.34 36.34 36.34 36.34 36.34
  [58,] 44.357 44.36 44.36 44.36  44.357 44.36 44.36 44.36 44.36 44.36
  [59,] 33.146 33.15 33.15 33.15  33.146 33.15 33.15 33.15 33.15 33.15
  [60,] 31.416 31.42 31.42 31.42  31.416 31.42 31.42 31.42 31.42 31.42
  [61,] 25.872 25.87 25.87 25.87  25.872 25.87 25.87 25.87 25.87 25.87
  [62,] 45.321 45.32 45.32 45.32  45.321 45.32 45.32 45.32 45.32 45.32
  [63,] 46.202 46.20 46.20 46.20  46.202 46.20 46.20 46.20 46.20 46.20
  [64,] 45.976 45.98 45.98 45.98  45.976 45.98 45.98 45.98 45.98 45.98
  [65,] 47.186 47.19 47.19 47.19  47.186 47.19 47.19 47.19 47.19 47.19
  [66,] 20.056 54.05 32.57 37.67  49.568 50.49 42.06 39.65 54.05 31.27
  [67,] 43.806 62.75 23.53 46.05  53.073 32.08  9.20 35.37 37.32  9.21
  [68,] 46.676 46.68 46.68 46.68  46.676 46.68 46.68 46.68 46.68 46.68
  [69,] 60.785 59.23 51.31 39.67  24.011 40.34 26.17 60.26 49.57 25.72
  [70,] 31.287 31.29 31.29 31.29  31.287 31.29 31.29 31.29 31.29 31.29
  [71,] 44.657 44.66 44.66 44.66  44.657 44.66 44.66 44.66 44.66 44.66
  [72,] 37.458 37.46 37.46 37.46  37.458 37.46 37.46 37.46 37.46 37.46
  [73,] 40.996 41.00 41.00 41.00  40.996 41.00 41.00 41.00 41.00 41.00
  [74,] 45.392 45.39 45.39 45.39  45.392 45.39 45.39 45.39 45.39 45.39
  [75,] 46.645 46.64 46.64 46.64  46.645 46.64 46.64 46.64 46.64 46.64
  [76,] 48.777 48.78 48.78 48.78  48.777 48.78 48.78 48.78 48.78 48.78
  [77,] 54.087 24.09 53.29 50.05  21.993 37.09 40.09 40.84 39.66 65.68
  [78,] 46.123 46.12 46.12 46.12  46.123 46.12 46.12 46.12 46.12 46.12
  [79,] 44.805 44.80 44.80 44.80  44.805 44.80 44.80 44.80 44.80 44.80
  [80,] 36.056 36.06 36.06 36.06  36.056 36.06 36.06 36.06 36.06 36.06
  [81,] 46.711 46.71 46.71 46.71  46.711 46.71 46.71 46.71 46.71 46.71
  [82,] 44.490 44.49 44.49 44.49  44.490 44.49 44.49 44.49 44.49 44.49
  [83,] 46.062 46.06 46.06 46.06  46.062 46.06 46.06 46.06 46.06 46.06
  [84,] 42.154 42.15 42.15 42.15  42.154 42.15 42.15 42.15 42.15 42.15
  [85,] 30.309 30.31 30.31 30.31  30.309 30.31 30.31 30.31 30.31 30.31
  [86,] 42.603 42.60 42.60 42.60  42.603 42.60 42.60 42.60 42.60 42.60
  [87,] 28.482 28.48 28.48 28.48  28.482 28.48 28.48 28.48 28.48 28.48
  [88,] 28.712 28.71 28.71 28.71  28.712 28.71 28.71 28.71 28.71 28.71
  [89,] 47.407 47.41 47.41 47.41  47.407 47.41 47.41 47.41 47.41 47.41
  [90,] 48.777 48.78 48.78 48.78  48.777 48.78 48.78 48.78 48.78 48.78
  [91,] 34.307 34.31 34.31 34.31  34.307 34.31 34.31 34.31 34.31 34.31
  [92,] 45.913 45.91 45.91 45.91  45.913 45.91 45.91 45.91 45.91 45.91
  [93,] 45.392 45.39 45.39 45.39  45.392 45.39 45.39 45.39 45.39 45.39
  [94,] 37.411 37.41 37.41 37.41  37.411 37.41 37.41 37.41 37.41 37.41
  [95,] 47.537 47.54 47.54 47.54  47.537 47.54 47.54 47.54 47.54 47.54
  [96,] 44.965 44.96 44.96 44.96  44.965 44.96 44.96 44.96 44.96 44.96
  [97,] 33.356 56.29 36.21 31.27  41.079 36.69 51.54 63.74 41.12 64.72
  [98,] 44.624 44.62 44.62 44.62  44.624 44.62 44.62 44.62 44.62 44.62
  [99,] 45.506 45.51 45.51 45.51  45.506 45.51 45.51 45.51 45.51 45.51
 [100,] 39.379 39.38 39.38 39.38  39.379 39.38 39.38 39.38 39.38 39.38
 [101,] 38.123 38.12 38.12 38.12  38.123 38.12 38.12 38.12 38.12 38.12
 [102,] 47.713 47.71 47.71 47.71  47.713 47.71 47.71 47.71 47.71 47.71
 [103,] 44.657 44.66 44.66 44.66  44.657 44.66 44.66 44.66 44.66 44.66
 [104,] 45.212 45.21 45.21 45.21  45.212 45.21 45.21 45.21 45.21 45.21
 [105,] 38.659 56.03 32.53 42.77  49.900 51.28 35.12 59.71 21.57 60.41
 [106,] 40.385 40.38 40.38 40.38  40.385 40.38 40.38 40.38 40.38 40.38
 [107,] 36.057 36.06 36.06 36.06  36.057 36.06 36.06 36.06 36.06 36.06
 [108,] 50.777 50.78 50.78 50.78  50.777 50.78 50.78 50.78 50.78 50.78
 [109,] 47.705 47.70 47.70 47.70  47.705 47.70 47.70 47.70 47.70 47.70
 [110,] 33.955 33.95 33.95 33.95  33.955 33.95 33.95 33.95 33.95 33.95
 [111,] 45.976 45.98 45.98 45.98  45.976 45.98 45.98 45.98 45.98 45.98
 [112,] 34.146 34.15 34.15 34.15  34.146 34.15 34.15 34.15 34.15 34.15
 [113,] 17.224 52.17 29.58 40.61  19.452 75.95 30.74 64.16 14.63 48.29
 [114,] 46.123 46.12 46.12 46.12  46.123 46.12 46.12 46.12 46.12 46.12
 [115,] 47.602 47.60 47.60 47.60  47.602 47.60 47.60 47.60 47.60 47.60
 [116,] 40.123 40.12 40.12 40.12  40.123 40.12 40.12 40.12 40.12 40.12
 [117,] 45.212 45.21 45.21 45.21  45.212 45.21 45.21 45.21 45.21 45.21
 [118,] 40.025 40.03 40.03 40.03  40.025 40.03 40.03 40.03 40.03 40.03
 [119,] 40.175 40.18 40.18 40.18  40.175 40.18 40.18 40.18 40.18 40.18
 [120,] 28.789 34.99 39.92 54.40  44.555 49.36 30.85 27.15 32.00 45.98
 [121,] 42.467 42.47 42.47 42.47  42.467 42.47 42.47 42.47 42.47 42.47
 [122,] 31.155 31.15 31.15 31.15  31.155 31.15 31.15 31.15 31.15 31.15
 [123,] 44.805 44.80 44.80 44.80  44.805 44.80 44.80 44.80 44.80 44.80
 [124,] 44.805 44.80 44.80 44.80  44.805 44.80 44.80 44.80 44.80 44.80
 [125,] 51.278 51.28 51.28 51.28  51.278 51.28 51.28 51.28 51.28 51.28
 [126,] 45.359 45.36 45.36 45.36  45.359 45.36 45.36 45.36 45.36 45.36
 [127,] 47.679 47.68 47.68 47.68  47.679 47.68 47.68 47.68 47.68 47.68
 [128,] 39.728 39.73 39.73 39.73  39.728 39.73 39.73 39.73 39.73 39.73
 [129,] 57.361 48.74 46.35 32.96  49.711 56.95 49.35 13.23 46.27 34.46
 [130,] 38.913 38.91 38.91 38.91  38.913 38.91 38.91 38.91 38.91 38.91
 [131,] 41.982 41.98 41.98 41.98  41.982 41.98 41.98 41.98 41.98 41.98
 [132,] 33.890 33.89 33.89 33.89  33.890 33.89 33.89 33.89 33.89 33.89
 [133,] 45.976 45.98 45.98 45.98  45.976 45.98 45.98 45.98 45.98 45.98
 [134,] 44.657 44.66 44.66 44.66  44.657 44.66 44.66 44.66 44.66 44.66
 [135,] 47.051 47.05 47.05 47.05  47.051 47.05 47.05 47.05 47.05 47.05
 [136,] 43.239 43.24 43.24 43.24  43.239 43.24 43.24 43.24 43.24 43.24
 [137,] 41.247 41.25 41.25 41.25  41.247 41.25 41.25 41.25 41.25 41.25
 [138,] 34.846 34.85 34.85 34.85  34.846 34.85 34.85 34.85 34.85 34.85
 [139,] 31.911 31.91 31.91 31.91  31.911 31.91 31.91 31.91 31.91 31.91
 [140,] 44.309 44.31 44.31 44.31  44.309 44.31 44.31 44.31 44.31 44.31
 [141,] 40.033 40.03 40.03 40.03  40.033 40.03 40.03 40.03 40.03 40.03
 [142,] 41.103 41.10 41.10 41.10  41.103 41.10 41.10 41.10 41.10 41.10
 [143,] 48.267 48.27 48.27 48.27  48.267 48.27 48.27 48.27 48.27 48.27
 [144,] 42.112 39.95 57.34 33.48  16.869 51.27 26.33 47.99 31.76 12.02
 [145,] 50.169 50.17 50.17 50.17  50.169 50.17 50.17 50.17 50.17 50.17
 [146,] 48.086 48.09 48.09 48.09  48.086 48.09 48.09 48.09 48.09 48.09
 [147,] 29.753 29.75 29.75 29.75  29.753 29.75 29.75 29.75 29.75 29.75
 [148,] 41.625 41.63 41.63 41.63  41.625 41.63 41.63 41.63 41.63 41.63
 [149,] 34.343 34.34 34.34 34.34  34.343 34.34 34.34 34.34 34.34 34.34
 [150,] 44.864 44.86 44.86 44.86  44.864 44.86 44.86 44.86 44.86 44.86
 [151,] 44.805 44.80 44.80 44.80  44.805 44.80 44.80 44.80 44.80 44.80
 [152,] 34.116 34.12 34.12 34.12  34.116 34.12 34.12 34.12 34.12 34.12
 [153,] 34.769 34.77 34.77 34.77  34.769 34.77 34.77 34.77 34.77 34.77
 [154,] 37.831 37.83 37.83 37.83  37.831 37.83 37.83 37.83 37.83 37.83
 [155,] 40.948 40.95 40.95 40.95  40.948 40.95 40.95 40.95 40.95 40.95
 [156,] 32.647 32.65 32.65 32.65  32.647 32.65 32.65 32.65 32.65 32.65
 [157,] 44.805 44.80 44.80 44.80  44.805 44.80 44.80 44.80 44.80 44.80
 [158,] 26.453 44.31 29.14 37.35  65.794 20.48 36.48 54.57 23.45 43.41
 [159,] 46.094 46.09 46.09 46.09  46.094 46.09 46.09 46.09 46.09 46.09
 [160,] 44.379 44.38 44.38 44.38  44.379 44.38 44.38 44.38 44.38 44.38
 [161,] 33.312 33.31 33.31 33.31  33.312 33.31 33.31 33.31 33.31 33.31
 [162,] 34.318 34.32 34.32 34.32  34.318 34.32 34.32 34.32 34.32 34.32
 [163,] 45.976 45.98 45.98 45.98  45.976 45.98 45.98 45.98 45.98 45.98
 [164,] 27.590 30.49 46.75 54.44  39.872 39.33 39.61 32.41 20.83 28.53
 [165,] 25.747 25.75 25.75 25.75  25.747 25.75 25.75 25.75 25.75 25.75
 [166,] 41.612 41.61 41.61 41.61  41.612 41.61 41.61 41.61 41.61 41.61
 [167,] 39.453 43.27 27.52 55.62  30.579 33.08 42.56 19.78 57.39 39.02
 [168,] 32.922 32.92 32.92 32.92  32.922 32.92 32.92 32.92 32.92 32.92
 [169,] 44.508 71.85 35.31 29.95  33.637 50.99 27.34 56.59 51.31 43.28
 [170,] 37.755 37.75 37.75 37.75  37.755 37.75 37.75 37.75 37.75 37.75
 [171,] 44.657 44.66 44.66 44.66  44.657 44.66 44.66 44.66 44.66 44.66
 [172,] 34.726 34.73 34.73 34.73  34.726 34.73 34.73 34.73 34.73 34.73
 [173,] 34.690 41.47 32.24 36.50  23.864 41.51 38.18 37.94 23.13 47.18
 [174,] 43.125 43.12 43.12 43.12  43.125 43.12 43.12 43.12 43.12 43.12
 [175,] 55.440 55.44 55.44 55.44  55.440 55.44 55.44 55.44 55.44 55.44
 [176,] 37.478 37.48 37.48 37.48  37.478 37.48 37.48 37.48 37.48 37.48
 [177,] 45.392 45.39 45.39 45.39  45.392 45.39 45.39 45.39 45.39 45.39
 [178,] 39.224 39.22 39.22 39.22  39.224 39.22 39.22 39.22 39.22 39.22
 [179,] 46.094 46.09 46.09 46.09  46.094 46.09 46.09 46.09 46.09 46.09
 [180,] 48.267 48.27 48.27 48.27  48.267 48.27 48.27 48.27 48.27 48.27
 [181,] 48.788 48.79 48.79 48.79  48.788 48.79 48.79 48.79 48.79 48.79
 [182,] 43.612 43.61 43.61 43.61  43.612 43.61 43.61 43.61 43.61 43.61
 [183,] 28.559 30.05  3.15 40.34  27.678 49.94 27.70 51.27 38.62 44.66
 [184,] 29.726 29.73 29.73 29.73  29.726 29.73 29.73 29.73 29.73 29.73
 [185,] 23.517 57.44 56.74 47.35  38.653 39.00 55.20 56.34 36.37 56.69
 [186,] 47.679 47.68 47.68 47.68  47.679 47.68 47.68 47.68 47.68 47.68
 [187,] 65.975 65.20 37.96 45.65  37.670 42.26 47.95 47.41 45.97 38.53
 [188,] 48.502 48.50 48.50 48.50  48.502 48.50 48.50 48.50 48.50 48.50
 [189,] 37.431 37.43 37.43 37.43  37.431 37.43 37.43 37.43 37.43 37.43
 [190,] 35.877 35.88 35.88 35.88  35.877 35.88 35.88 35.88 35.88 35.88
 [191,] 45.392 45.39 45.39 45.39  45.392 45.39 45.39 45.39 45.39 45.39
 [192,] 43.099 43.10 43.10 43.10  43.099 43.10 43.10 43.10 43.10 43.10
 [193,] 18.712 39.19 36.97 45.53  40.287 44.62 56.88 56.97 37.83 35.40
 [194,] 23.401 23.40 23.40 23.40  23.401 23.40 23.40 23.40 23.40 23.40
 [195,] 38.346 38.35 38.35 38.35  38.346 38.35 38.35 38.35 38.35 38.35
 [196,] 35.816 35.82 35.82 35.82  35.816 35.82 35.82 35.82 35.82 35.82
 [197,] 44.854 44.85 44.85 44.85  44.854 44.85 44.85 44.85 44.85 44.85
 [198,] 48.969 48.97 48.97 48.97  48.969 48.97 48.97 48.97 48.97 48.97
 [199,] 39.058 39.06 39.06 39.06  39.058 39.06 39.06 39.06 39.06 39.06
 [200,] 46.381 46.38 46.38 46.38  46.381 46.38 46.38 46.38 46.38 46.38
 [201,] 45.976 45.98 45.98 45.98  45.976 45.98 45.98 45.98 45.98 45.98
 [202,] 46.123 46.12 46.12 46.12  46.123 46.12 46.12 46.12 46.12 46.12
 [203,] 44.624 44.62 44.62 44.62  44.624 44.62 44.62 44.62 44.62 44.62
 [204,] 42.924 42.92 42.92 42.92  42.924 42.92 42.92 42.92 42.92 42.92
 [205,] 27.250 27.25 27.25 27.25  27.250 27.25 27.25 27.25 27.25 27.25
 [206,] 26.569 26.57 26.57 26.57  26.569 26.57 26.57 26.57 26.57 26.57
 [207,] 36.062 36.06 36.06 36.06  36.062 36.06 36.06 36.06 36.06 36.06
 [208,] 46.365 46.36 46.36 46.36  46.365 46.36 46.36 46.36 46.36 46.36
 [209,] 41.976 41.98 41.98 41.98  41.976 41.98 41.98 41.98 41.98 41.98
 [210,] 34.743 34.74 34.74 34.74  34.743 34.74 34.74 34.74 34.74 34.74
 [211,] 45.976 45.98 45.98 45.98  45.976 45.98 45.98 45.98 45.98 45.98
 [212,] 45.392 45.39 45.39 45.39  45.392 45.39 45.39 45.39 45.39 45.39
 [213,] 22.251 15.29 20.73 52.08  51.584 54.45 54.14 42.66 35.09 43.14
 [214,] 39.837 39.84 39.84 39.84  39.837 39.84 39.84 39.84 39.84 39.84
 [215,] 44.805 44.80 44.80 44.80  44.805 44.80 44.80 44.80 44.80 44.80
 [216,] 33.876 48.22 31.76 50.20  48.417 47.76 37.56 57.57 60.45 38.12
 [217,] 44.691 44.69 44.69 44.69  44.691 44.69 44.69 44.69 44.69 44.69
 [218,] 45.392 45.39 45.39 45.39  45.392 45.39 45.39 45.39 45.39 45.39
 [219,] 42.180 42.18 42.18 42.18  42.180 42.18 42.18 42.18 42.18 42.18
 [220,] 39.755 17.44 32.18 14.74  44.599 37.90 36.00 46.48 22.66 72.73
 [221,] 40.980 40.98 40.98 40.98  40.980 40.98 40.98 40.98 40.98 40.98
 [222,] 26.554 26.55 26.55 26.55  26.554 26.55 26.55 26.55 26.55 26.55
 [223,] 36.682 36.68 36.68 36.68  36.682 36.68 36.68 36.68 36.68 36.68
 [224,] 37.571 37.57 37.57 37.57  37.571 37.57 37.57 37.57 37.57 37.57
 [225,] 34.862 34.86 34.86 34.86  34.862 34.86 34.86 34.86 34.86 34.86
 [226,] 43.801 43.80 43.80 43.80  43.801 43.80 43.80 43.80 43.80 43.80
 [227,] 44.657 44.66 44.66 44.66  44.657 44.66 44.66 44.66 44.66 44.66
 [228,] 43.844 43.84 43.84 43.84  43.844 43.84 43.84 43.84 43.84 43.84
 [229,] 35.966 35.97 35.97 35.97  35.966 35.97 35.97 35.97 35.97 35.97
 [230,] 48.554 48.55 48.55 48.55  48.554 48.55 48.55 48.55 48.55 48.55
 [231,] 45.414 45.41 45.41 45.41  45.414 45.41 45.41 45.41 45.41 45.41
 [232,] 36.755 36.76 36.76 36.76  36.755 36.76 36.76 36.76 36.76 36.76
 [233,] 45.392 45.39 45.39 45.39  45.392 45.39 45.39 45.39 45.39 45.39
 [234,] 38.169 38.17 38.17 38.17  38.169 38.17 38.17 38.17 38.17 38.17
 [235,] 44.805 44.80 44.80 44.80  44.805 44.80 44.80 44.80 44.80 44.80
 [236,] 41.621 41.62 41.62 41.62  41.621 41.62 41.62 41.62 41.62 41.62
 [237,] 63.691 10.38 52.92  9.77  36.937 28.56 45.28 23.66 42.88 24.33
 [238,] 29.121 29.12 29.12 29.12  29.121 29.12 29.12 29.12 29.12 29.12
 [239,] 39.821 39.82 39.82 39.82  39.821 39.82 39.82 39.82 39.82 39.82
 [240,] 46.894 46.89 46.89 46.89  46.894 46.89 46.89 46.89 46.89 46.89
 [241,] 47.099 47.10 47.10 47.10  47.099 47.10 47.10 47.10 47.10 47.10
 [242,] 46.717 46.72 46.72 46.72  46.717 46.72 46.72 46.72 46.72 46.72
 [243,] 33.214 33.21 33.21 33.21  33.214 33.21 33.21 33.21 33.21 33.21
 [244,] 44.118 44.12 44.12 44.12  44.118 44.12 44.12 44.12 44.12 44.12
 [245,] 43.819 43.82 43.82 43.82  43.819 43.82 43.82 43.82 43.82 43.82
 [246,] 37.696 37.70 37.70 37.70  37.696 37.70 37.70 37.70 37.70 37.70
 [247,] 47.679 47.68 47.68 47.68  47.679 47.68 47.68 47.68 47.68 47.68
 [248,] 48.550 48.55 48.55 48.55  48.550 48.55 48.55 48.55 48.55 48.55
 [249,] 37.339 20.31 48.20 65.41  39.710 41.70 44.06 24.98 25.10 11.20
 [250,] 44.805 44.80 44.80 44.80  44.805 44.80 44.80 44.80 44.80 44.80
 [251,] 35.962 35.96 35.96 35.96  35.962 35.96 35.96 35.96 35.96 35.96
 [252,] 45.552 25.12 50.77 31.44  36.037 34.64 35.66 42.94 52.08 35.43
 [253,] 43.317 43.32 43.32 43.32  43.317 43.32 43.32 43.32 43.32 43.32
 [254,] 48.557 56.90 50.31 26.47  28.744 15.00 18.63 56.06 27.98 41.36
 [255,] 35.398 35.40 35.40 35.40  35.398 35.40 35.40 35.40 35.40 35.40
 [256,] 41.954 41.95 41.95 41.95  41.954 41.95 41.95 41.95 41.95 41.95
 [257,] 34.017 34.02 34.02 34.02  34.017 34.02 34.02 34.02 34.02 34.02
 [258,] 44.805 44.80 44.80 44.80  44.805 44.80 44.80 44.80 44.80 44.80
 [259,] 29.439 29.44 29.44 29.44  29.439 29.44 29.44 29.44 29.44 29.44
 [260,] 40.364 40.36 40.36 40.36  40.364 40.36 40.36 40.36 40.36 40.36
 [261,] 33.256 33.26 33.26 33.26  33.256 33.26 33.26 33.26 33.26 33.26
 [262,] 30.398 30.40 30.40 30.40  30.398 30.40 30.40 30.40 30.40 30.40
 [263,] 37.941 37.94 37.94 37.94  37.941 37.94 37.94 37.94 37.94 37.94
 [264,] 47.597 47.60 47.60 47.60  47.597 47.60 47.60 47.60 47.60 47.60
 [265,] 43.481 43.48 43.48 43.48  43.481 43.48 43.48 43.48 43.48 43.48
 [266,] 46.524 46.52 46.52 46.52  46.524 46.52 46.52 46.52 46.52 46.52
 [267,] 50.534 50.53 50.53 50.53  50.534 50.53 50.53 50.53 50.53 50.53
 [268,] 36.068 36.07 36.07 36.07  36.068 36.07 36.07 36.07 36.07 36.07
 [269,] 47.232 47.23 47.23 47.23  47.232 47.23 47.23 47.23 47.23 47.23
 [270,] 42.314 42.31 42.31 42.31  42.314 42.31 42.31 42.31 42.31 42.31
 [271,] 45.926 45.93 45.93 45.93  45.926 45.93 45.93 45.93 45.93 45.93
 [272,] 46.123 46.12 46.12 46.12  46.123 46.12 46.12 46.12 46.12 46.12
 [273,] 41.786 41.79 41.79 41.79  41.786 41.79 41.79 41.79 41.79 41.79
 [274,] 43.916 52.31 56.52 33.48  20.848 39.27 68.11 50.90 37.04 63.82
 [275,] 47.432 47.43 47.43 47.43  47.432 47.43 47.43 47.43 47.43 47.43
 [276,] 44.805 44.80 44.80 44.80  44.805 44.80 44.80 44.80 44.80 44.80
 [277,] 45.623 45.39 40.62 48.26  37.970 47.46 39.40 32.93 58.05 11.96
 [278,] 42.338 42.34 42.34 42.34  42.338 42.34 42.34 42.34 42.34 42.34
 [279,] 46.711 46.71 46.71 46.71  46.711 46.71 46.71 46.71 46.71 46.71
 [280,] 43.687 43.69 43.69 43.69  43.687 43.69 43.69 43.69 43.69 43.69
 [281,] 36.793 36.79 36.79 36.79  36.793 36.79 36.79 36.79 36.79 36.79
 [282,] 50.256 50.26 50.26 50.26  50.256 50.26 50.26 50.26 50.26 50.26
 [283,] 31.847 31.85 31.85 31.85  31.847 31.85 31.85 31.85 31.85 31.85
 [284,] 37.443 44.62 26.77 32.27  59.888 51.32 32.33 21.86 26.16 50.66
 [285,] 48.957 48.96 48.96 48.96  48.957 48.96 48.96 48.96 48.96 48.96
 [286,] 46.123 46.12 46.12 46.12  46.123 46.12 46.12 46.12 46.12 46.12
 [287,] 35.249 69.08 31.90 58.37  17.983 59.91 17.43 44.08 29.32 33.79
 [288,] 52.633 52.63 52.63 52.63  52.633 52.63 52.63 52.63 52.63 52.63
 [289,] 41.978 41.98 41.98 41.98  41.978 41.98 41.98 41.98 41.98 41.98
 [290,] 45.392 45.39 45.39 45.39  45.392 45.39 45.39 45.39 45.39 45.39
 [291,] 31.642 31.64 31.64 31.64  31.642 31.64 31.64 31.64 31.64 31.64
 [292,] 44.657 44.66 44.66 44.66  44.657 44.66 44.66 44.66 44.66 44.66
 [293,] 40.520 40.52 40.52 40.52  40.520 40.52 40.52 40.52 40.52 40.52
 [294,] 30.225 69.00 30.98 19.84  36.361 58.69 50.07 21.47 26.17 39.86
 [295,] 48.267 48.27 48.27 48.27  48.267 48.27 48.27 48.27 48.27 48.27
 [296,] 35.587 35.59 35.59 35.59  35.587 35.59 35.59 35.59 35.59 35.59
 [297,] 44.805 44.80 44.80 44.80  44.805 44.80 44.80 44.80 44.80 44.80
 [298,] 42.148 42.15 42.15 42.15  42.148 42.15 42.15 42.15 42.15 42.15
 [299,] 45.976 45.98 45.98 45.98  45.976 45.98 45.98 45.98 45.98 45.98
 [300,] 29.371 29.02 44.72 32.20  42.939 44.22 23.27 39.57 61.04 53.60
 [301,] 40.392 40.39 40.39 40.39  40.392 40.39 40.39 40.39 40.39 40.39
 [302,] 42.095 42.09 42.09 42.09  42.095 42.09 42.09 42.09 42.09 42.09
 [303,] 47.679 47.68 47.68 47.68  47.679 47.68 47.68 47.68 47.68 47.68
 [304,] 32.112 32.11 32.11 32.11  32.112 32.11 32.11 32.11 32.11 32.11
 [305,] 38.305 38.30 38.30 38.30  38.305 38.30 38.30 38.30 38.30 38.30
 [306,] 46.140 46.14 46.14 46.14  46.140 46.14 46.14 46.14 46.14 46.14
 [307,] 56.922 56.92 56.92 56.92  56.922 56.92 56.92 56.92 56.92 56.92
 [308,] 35.705 35.70 35.70 35.70  35.705 35.70 35.70 35.70 35.70 35.70
 [309,] 45.976 45.98 45.98 45.98  45.976 45.98 45.98 45.98 45.98 45.98
 [310,] 42.656 42.66 42.66 42.66  42.656 42.66 42.66 42.66 42.66 42.66
 [311,] 49.869 49.87 49.87 49.87  49.869 49.87 49.87 49.87 49.87 49.87
 [312,] 45.974 45.97 45.97 45.97  45.974 45.97 45.97 45.97 45.97 45.97
 [313,] 36.251 36.25 36.25 36.25  36.251 36.25 36.25 36.25 36.25 36.25
 [314,] 40.154 40.15 40.15 40.15  40.154 40.15 40.15 40.15 40.15 40.15
 [315,] 36.303 36.30 36.30 36.30  36.303 36.30 36.30 36.30 36.30 36.30
 [316,] 44.657 44.66 44.66 44.66  44.657 44.66 44.66 44.66 44.66 44.66
 [317,] 28.582 28.58 28.58 28.58  28.582 28.58 28.58 28.58 28.58 28.58
 [318,] 46.123 46.12 46.12 46.12  46.123 46.12 46.12 46.12 46.12 46.12
 [319,] 49.405 49.41 49.41 49.41  49.405 49.41 49.41 49.41 49.41 49.41
 [320,] 47.679 47.68 47.68 47.68  47.679 47.68 47.68 47.68 47.68 47.68
 [321,] 46.123 46.12 46.12 46.12  46.123 46.12 46.12 46.12 46.12 46.12
 [322,] 43.228 43.23 43.23 43.23  43.228 43.23 43.23 43.23 43.23 43.23
 [323,] 47.823 47.82 47.82 47.82  47.823 47.82 47.82 47.82 47.82 47.82
 [324,] 28.625 28.63 28.63 28.63  28.625 28.63 28.63 28.63 28.63 28.63
 [325,] 31.073 31.07 31.07 31.07  31.073 31.07 31.07 31.07 31.07 31.07
 [326,] 43.839 43.84 43.84 43.84  43.839 43.84 43.84 43.84 43.84 43.84
 [327,] 40.312 40.31 40.31 40.31  40.312 40.31 40.31 40.31 40.31 40.31
 [328,] 27.772 27.77 27.77 27.77  27.772 27.77 27.77 27.77 27.77 27.77
 [329,] 41.154 41.15 41.15 41.15  41.154 41.15 41.15 41.15 41.15 41.15
 [330,] 43.506 43.51 43.51 43.51  43.506 43.51 43.51 43.51 43.51 43.51
 [331,] 44.182 44.18 44.18 44.18  44.182 44.18 44.18 44.18 44.18 44.18
 [332,] 44.926 44.93 44.93 44.93  44.926 44.93 44.93 44.93 44.93 44.93
 [333,] 43.099 43.10 43.10 43.10  43.099 43.10 43.10 43.10 43.10 43.10
 [334,] 30.309 30.31 30.31 30.31  30.309 30.31 30.31 30.31 30.31 30.31
 [335,] 46.565 46.56 46.56 46.56  46.565 46.56 46.56 46.56 46.56 46.56
 [336,] 45.974 45.97 45.97 45.97  45.974 45.97 45.97 45.97 45.97 45.97
 [337,] 30.689 30.69 30.69 30.69  30.689 30.69 30.69 30.69 30.69 30.69
 [338,] 45.392 45.39 45.39 45.39  45.392 45.39 45.39 45.39 45.39 45.39
 [339,] 42.204 42.20 42.20 42.20  42.204 42.20 42.20 42.20 42.20 42.20
 [340,] 39.855 33.48 50.02 35.71  55.916 54.54 55.51 47.18 52.71 63.79
 [341,] 42.069 42.07 42.07 42.07  42.069 42.07 42.07 42.07 42.07 42.07
 [342,] 48.267 48.27 48.27 48.27  48.267 48.27 48.27 48.27 48.27 48.27
 [343,] 47.290 47.29 47.29 47.29  47.290 47.29 47.29 47.29 47.29 47.29
 [344,] 41.750 41.75 41.75 41.75  41.750 41.75 41.75 41.75 41.75 41.75
 [345,] 48.788 48.79 48.79 48.79  48.788 48.79 48.79 48.79 48.79 48.79
 [346,] 35.698 35.70 35.70 35.70  35.698 35.70 35.70 35.70 35.70 35.70
 [347,] 43.099 43.10 43.10 43.10  43.099 43.10 43.10 43.10 43.10 43.10
 [348,] 46.263 46.26 46.26 46.26  46.263 46.26 46.26 46.26 46.26 46.26
 [349,] 45.502 45.50 45.50 45.50  45.502 45.50 45.50 45.50 45.50 45.50
 [350,] 14.081 21.38 22.98 54.29  30.767 31.19 34.50 15.29 31.45 16.10
 [351,] 45.392 45.39 45.39 45.39  45.392 45.39 45.39 45.39 45.39 45.39
 [352,] 18.051  4.01  2.70 19.82  21.164 70.17 49.01 24.62 18.25  7.01
 [353,] 56.066 22.43 30.90  8.04  24.829 51.40 26.73 18.05  8.49 41.66
 [354,] 33.394 33.39 33.39 33.39  33.394 33.39 33.39 33.39 33.39 33.39
 [355,] 46.764 46.76 46.76 46.76  46.764 46.76 46.76 46.76 46.76 46.76
 [356,] 37.257 37.26 37.26 37.26  37.257 37.26 37.26 37.26 37.26 37.26
 [357,] 46.123 46.12 46.12 46.12  46.123 46.12 46.12 46.12 46.12 46.12
 [358,] 45.976 45.98 45.98 45.98  45.976 45.98 45.98 45.98 45.98 45.98
 [359,] 39.210 39.21 39.21 39.21  39.210 39.21 39.21 39.21 39.21 39.21
 [360,] 25.260 25.26 25.26 25.26  25.260 25.26 25.26 25.26 25.26 25.26
 [361,] 42.920 42.92 42.92 42.92  42.920 42.92 42.92 42.92 42.92 42.92
 [362,] 36.987 36.99 36.99 36.99  36.987 36.99 36.99 36.99 36.99 36.99
 [363,] 49.962 49.96 49.96 49.96  49.962 49.96 49.96 49.96 49.96 49.96
 [364,] 46.123 46.12 46.12 46.12  46.123 46.12 46.12 46.12 46.12 46.12
 [365,] 44.208 44.21 44.21 44.21  44.208 44.21 44.21 44.21 44.21 44.21
 [366,] 43.327 43.33 43.33 43.33  43.327 43.33 43.33 43.33 43.33 43.33
 [367,] 46.545 46.54 46.54 46.54  46.545 46.54 46.54 46.54 46.54 46.54
 [368,] 47.332 47.33 47.33 47.33  47.332 47.33 47.33 47.33 47.33 47.33
 [369,] 46.711 46.71 46.71 46.71  46.711 46.71 46.71 46.71 46.71 46.71
 [370,] 20.206 21.93 20.68 27.97  19.194 35.21 24.85  4.32 24.92 27.46
 [371,] 15.828 29.49 -6.39 21.31  25.781  0.60 39.23 20.61 20.93  1.59
 [372,] 44.243 44.24 44.24 44.24  44.243 44.24 44.24 44.24 44.24 44.24
 [373,] 34.462 20.51 32.41 17.33  11.903 49.10 39.22 28.33 38.82 15.58
 [374,] 45.392 45.39 45.39 45.39  45.392 45.39 45.39 45.39 45.39 45.39
 [375,] 45.392 45.39 45.39 45.39  45.392 45.39 45.39 45.39 45.39 45.39
 [376,] 44.805 44.80 44.80 44.80  44.805 44.80 44.80 44.80 44.80 44.80
 [377,] 20.315 24.40 19.77 29.67  20.428 29.77 13.98 10.32 -6.31 23.67
 [378,] 40.089 40.09 40.09 40.09  40.089 40.09 40.09 40.09 40.09 40.09
 [379,] 26.526 43.46 18.13 51.02  39.322 15.16 20.37 37.41 56.58 31.32
 [380,] 31.807  7.62 24.79 25.38 -30.485 32.34 44.40 44.70 18.81 10.16
 [381,] 33.643 33.64 33.64 33.64  33.643 33.64 33.64 33.64 33.64 33.64
 [382,] 38.302 38.30 38.30 38.30  38.302 38.30 38.30 38.30 38.30 38.30
 [383,] 47.679 47.68 47.68 47.68  47.679 47.68 47.68 47.68 47.68 47.68
 [384,] 47.679 47.68 47.68 47.68  47.679 47.68 47.68 47.68 47.68 47.68
 [385,]  0.513 22.49 24.96 23.71  12.276 18.33 23.38 22.26 32.49 -6.40
 [386,] 48.201 48.20 48.20 48.20  48.201 48.20 48.20 48.20 48.20 48.20
 [387,] 44.321 44.32 44.32 44.32  44.321 44.32 44.32 44.32 44.32 44.32
 [388,] 44.805 44.80 44.80 44.80  44.805 44.80 44.80 44.80 44.80 44.80
 [389,] 44.177 44.18 44.18 44.18  44.177 44.18 44.18 44.18 44.18 44.18
 [390,] 26.838 31.00 41.15 31.00  30.762 27.10 40.61 55.58  5.98 36.63
 [391,] 37.525 37.52 37.52 37.52  37.525 37.52 37.52 37.52 37.52 37.52
 [392,] 32.551 32.55 32.55 32.55  32.551 32.55 32.55 32.55 32.55 32.55
 [393,] 34.310 34.31 34.31 34.31  34.310 34.31 34.31 34.31 34.31 34.31
 [394,] 44.657 44.66 44.66 44.66  44.657 44.66 44.66 44.66 44.66 44.66
 [395,] 46.426 46.43 46.43 46.43  46.426 46.43 46.43 46.43 46.43 46.43
 [396,] 40.396 40.40 40.40 40.40  40.396 40.40 40.40 40.40 40.40 40.40
 [397,] 29.234 29.23 29.23 29.23  29.234 29.23 29.23 29.23 29.23 29.23
 [398,] 47.232 47.23 47.23 47.23  47.232 47.23 47.23 47.23 47.23 47.23
 [399,] 16.524 20.76 24.84 32.89  31.027 44.71 28.70 13.00 24.08 19.51
 [400,] 35.568 35.57 35.57 35.57  35.568 35.57 35.57 35.57 35.57 35.57
 [401,] 44.379 44.38 44.38 44.38  44.379 44.38 44.38 44.38 44.38 44.38
 [402,] 46.123 46.12 46.12 46.12  46.123 46.12 46.12 46.12 46.12 46.12
 [403,] 50.867 50.87 50.87 50.87  50.867 50.87 50.87 50.87 50.87 50.87
 [404,] 10.317 37.68  4.63 32.11  10.952 16.38 26.89 22.75 57.32 24.44
 [405,] 44.657 44.66 44.66 44.66  44.657 44.66 44.66 44.66 44.66 44.66
 [406,] 41.041 41.04 41.04 41.04  41.041 41.04 41.04 41.04 41.04 41.04
 [407,] 44.805 44.80 44.80 44.80  44.805 44.80 44.80 44.80 44.80 44.80
 [408,] 16.955 24.91 38.57 21.23  26.927 12.57  5.14 22.39 29.45 28.11
 [409,] 44.631 44.63 44.63 44.63  44.631 44.63 44.63 44.63 44.63 44.63
 [410,] 46.123 46.12 46.12 46.12  46.123 46.12 46.12 46.12 46.12 46.12
 [411,] 45.976 45.98 45.98 45.98  45.976 45.98 45.98 45.98 45.98 45.98
 [412,] 46.123 46.12 46.12 46.12  46.123 46.12 46.12 46.12 46.12 46.12
 [413,] 47.679 47.68 47.68 47.68  47.679 47.68 47.68 47.68 47.68 47.68
 [414,] 32.631 32.63 32.63 32.63  32.631 32.63 32.63 32.63 32.63 32.63
 [415,] 44.786 44.79 44.79 44.79  44.786 44.79 44.79 44.79 44.79 44.79
 [416,] 48.937 48.94 48.94 48.94  48.937 48.94 48.94 48.94 48.94 48.94
 [417,] 48.154 48.15 48.15 48.15  48.154 48.15 48.15 48.15 48.15 48.15
 [418,] 37.476 37.48 37.48 37.48  37.476 37.48 37.48 37.48 37.48 37.48
 [419,] 30.979 30.98 30.98 30.98  30.979 30.98 30.98 30.98 30.98 30.98
 [420,] 25.412 30.95 19.24 20.32  31.698 36.90 10.59 29.09 42.30 36.40
 [421,] 43.826 43.83 43.83 43.83  43.826 43.83 43.83 43.83 43.83 43.83
 [422,] 42.310 42.31 42.31 42.31  42.310 42.31 42.31 42.31 42.31 42.31
 [423,] 46.670 46.67 46.67 46.67  46.670 46.67 46.67 46.67 46.67 46.67
 [424,] 45.976 45.98 45.98 45.98  45.976 45.98 45.98 45.98 45.98 45.98
 [425,] 36.091 36.09 36.09 36.09  36.091 36.09 36.09 36.09 36.09 36.09
 [426,] 40.776 40.78 40.78 40.78  40.776 40.78 40.78 40.78 40.78 40.78
 [427,] 45.392 45.39 45.39 45.39  45.392 45.39 45.39 45.39 45.39 45.39
 [428,] 36.915 36.91 36.91 36.91  36.915 36.91 36.91 36.91 36.91 36.91
 [429,] 45.059 45.06 45.06 45.06  45.059 45.06 45.06 45.06 45.06 45.06
 [430,] 45.913 45.91 45.91 45.91  45.913 45.91 45.91 45.91 45.91 45.91
 [431,] 38.256 38.26 38.26 38.26  38.256 38.26 38.26 38.26 38.26 38.26
 [432,] 31.348 25.82  5.94 36.11  40.380 18.34  4.47 20.33  6.67 14.61
 [433,] 45.506 45.51 45.51 45.51  45.506 45.51 45.51 45.51 45.51 45.51
 [434,] 43.687 43.69 43.69 43.69  43.687 43.69 43.69 43.69 43.69 43.69
 [435,] 47.679 47.68 47.68 47.68  47.679 47.68 47.68 47.68 47.68 47.68
 [436,] 40.084 40.08 40.08 40.08  40.084 40.08 40.08 40.08 40.08 40.08
 [437,] 48.201 48.20 48.20 48.20  48.201 48.20 48.20 48.20 48.20 48.20
 [438,] 43.687 43.69 43.69 43.69  43.687 43.69 43.69 43.69 43.69 43.69
 [439,] 23.877 43.70 21.20 22.75   5.271 39.01 31.88 30.92 25.12 46.02
 [440,] 45.974 45.97 45.97 45.97  45.974 45.97 45.97 45.97 45.97 45.97
 [441,] 44.805 44.80 44.80 44.80  44.805 44.80 44.80 44.80 44.80 44.80
 [442,] 51.312 51.31 51.31 51.31  51.312 51.31 51.31 51.31 51.31 51.31
 [443,] 27.221 44.99 18.65 28.24  35.244  5.93 26.13 35.63 23.26 33.74
 [444,] 42.233 42.23 42.23 42.23  42.233 42.23 42.23 42.23 42.23 42.23
 [445,] 45.976 45.98 45.98 45.98  45.976 45.98 45.98 45.98 45.98 45.98
 [446,] 42.214 42.21 42.21 42.21  42.214 42.21 42.21 42.21 42.21 42.21
 [447,] 20.854 29.94 15.46 15.05  20.750 33.17 55.93 15.37 36.11 44.09
 [448,] 44.490 44.49 44.49 44.49  44.490 44.49 44.49 44.49 44.49 44.49
 [449,] 27.087 21.83 15.56 20.99   9.232 37.23 60.57 11.78 23.40 13.32
 [450,] 47.532 47.53 47.53 47.53  47.532 47.53 47.53 47.53 47.53 47.53
 [451,] 41.815 41.81 41.81 41.81  41.815 41.81 41.81 41.81 41.81 41.81
 [452,] 44.805 44.80 44.80 44.80  44.805 44.80 44.80 44.80 44.80 44.80
 [453,] 50.797 50.80 50.80 50.80  50.797 50.80 50.80 50.80 50.80 50.80
 [454,] 33.899 33.90 33.90 33.90  33.899 33.90 33.90 33.90 33.90 33.90
 [455,] 39.287 39.29 39.29 39.29  39.287 39.29 39.29 39.29 39.29 39.29
 [456,] 44.124 44.12 44.12 44.12  44.124 44.12 44.12 44.12 44.12 44.12
 [457,] 44.805 44.80 44.80 44.80  44.805 44.80 44.80 44.80 44.80 44.80
 [458,] 45.392 45.39 45.39 45.39  45.392 45.39 45.39 45.39 45.39 45.39
 [459,] 42.157 42.16 42.16 42.16  42.157 42.16 42.16 42.16 42.16 42.16
 [460,] 44.805 44.80 44.80 44.80  44.805 44.80 44.80 44.80 44.80 44.80
 [461,] 38.884 38.88 38.88 38.88  38.884 38.88 38.88 38.88 38.88 38.88
 [462,] 33.661 33.66 33.66 33.66  33.661 33.66 33.66 33.66 33.66 33.66
 [463,] 23.461 35.00 30.74 27.19  18.598 26.84 28.65 37.78 39.70 28.27
 [464,] 34.043 34.04 34.04 34.04  34.043 34.04 34.04 34.04 34.04 34.04
 [465,] 46.514 46.51 46.51 46.51  46.514 46.51 46.51 46.51 46.51 46.51
 [466,] 31.737 31.74 31.74 31.74  31.737 31.74 31.74 31.74 31.74 31.74
 [467,] 44.657 44.66 44.66 44.66  44.657 44.66 44.66 44.66 44.66 44.66
 [468,] 21.176 33.98  7.38 24.51  30.213 14.00 30.82 21.41 37.03 37.43
 [469,] 30.727 30.73 30.73 30.73  30.727 30.73 30.73 30.73 30.73 30.73
 [470,] 44.316 44.32 44.32 44.32  44.316 44.32 44.32 44.32 44.32 44.32
 [471,] 44.381 44.38 44.38 44.38  44.381 44.38 44.38 44.38 44.38 44.38
 [472,] 25.449 27.41  9.79 26.93  56.014 23.77 33.55 39.25 23.49 34.13
 [473,] 46.062 46.06 46.06 46.06  46.062 46.06 46.06 46.06 46.06 46.06
 [474,] 42.588 42.59 42.59 42.59  42.588 42.59 42.59 42.59 42.59 42.59
 [475,] 46.311 46.31 46.31 46.31  46.311 46.31 46.31 46.31 46.31 46.31
 [476,] 45.392 45.39 45.39 45.39  45.392 45.39 45.39 45.39 45.39 45.39
 [477,] 50.893 50.89 50.89 50.89  50.893 50.89 50.89 50.89 50.89 50.89
 [478,] 26.557 31.66 19.93 20.26  29.566 38.57 36.45 18.87 24.29 52.03
 [479,] 32.309 32.31 32.31 32.31  32.309 32.31 32.31 32.31 32.31 32.31
 [480,] 39.672 39.67 39.67 39.67  39.672 39.67 39.67 39.67 39.67 39.67
 [481,] 40.559 40.56 40.56 40.56  40.559 40.56 40.56 40.56 40.56 40.56
 [482,] 31.545 31.54 31.54 31.54  31.545 31.54 31.54 31.54 31.54 31.54
 [483,] 38.314 38.31 38.31 38.31  38.314 38.31 38.31 38.31 38.31 38.31
 [484,] 42.136 42.14 42.14 42.14  42.136 42.14 42.14 42.14 42.14 42.14
 [485,] 35.328 35.33 35.33 35.33  35.328 35.33 35.33 35.33 35.33 35.33
 [486,] 34.574 34.57 34.57 34.57  34.574 34.57 34.57 34.57 34.57 34.57
 [487,] 46.123 46.12 46.12 46.12  46.123 46.12 46.12 46.12 46.12 46.12
 [488,] 42.763 42.76 42.76 42.76  42.763 42.76 42.76 42.76 42.76 42.76
 [489,] 48.502 48.50 48.50 48.50  48.502 48.50 48.50 48.50 48.50 48.50
 [490,] 21.730 24.29 29.07 18.37  41.674 34.28 47.57  5.34 20.07 27.40
 [491,] 31.002 16.25  1.65 -6.92  38.671 35.50 46.65 30.01 26.71 24.38
 [492,] 31.462 31.46 31.46 31.46  31.462 31.46 31.46 31.46 31.46 31.46
 [493,] 46.123 46.12 46.12 46.12  46.123 46.12 46.12 46.12 46.12 46.12
 [494,] 24.046  8.68  2.70 36.47  26.147 31.54  7.45 14.44 37.77 -1.23
 [495,] 28.051 32.39 21.61 35.33  19.596  4.39 22.33 51.84 18.15 14.49
 [496,] 44.353 44.35 44.35 44.35  44.353 44.35 44.35 44.35 44.35 44.35
 [497,] 44.805 44.80 44.80 44.80  44.805 44.80 44.80 44.80 44.80 44.80
 [498,] 44.944 44.94 44.94 44.94  44.944 44.94 44.94 44.94 44.94 44.94
 [499,] 47.956 47.96 47.96 47.96  47.956 47.96 47.96 47.96 47.96 47.96
 [500,] 45.392 45.39 45.39 45.39  45.392 45.39 45.39 45.39 45.39 45.39
 [501,] 35.763 35.76 35.76 35.76  35.763 35.76 35.76 35.76 35.76 35.76
 [502,] 34.206 34.21 34.21 34.21  34.206 34.21 34.21 34.21 34.21 34.21
 [503,] 43.099 43.10 43.10 43.10  43.099 43.10 43.10 43.10 43.10 43.10
 [504,] 44.630 44.63 44.63 44.63  44.630 44.63 44.63 44.63 44.63 44.63
 [505,] 43.523 43.52 43.52 43.52  43.523 43.52 43.52 43.52 43.52 43.52
 [506,] 45.392 45.39 45.39 45.39  45.392 45.39 45.39 45.39 45.39 45.39
 [507,] 47.874 47.87 47.87 47.87  47.874 47.87 47.87 47.87 47.87 47.87
 [508,] 35.916 35.92 35.92 35.92  35.916 35.92 35.92 35.92 35.92 35.92
 [509,] 43.192 43.19 43.19 43.19  43.192 43.19 43.19 43.19 43.19 43.19
 [510,] 44.944 44.94 44.94 44.94  44.944 44.94 44.94 44.94 44.94 44.94
 [511,] 45.392 45.39 45.39 45.39  45.392 45.39 45.39 45.39 45.39 45.39
 [512,] 44.811 44.81 44.81 44.81  44.811 44.81 44.81 44.81 44.81 44.81
 [513,] 44.805 44.80 44.80 44.80  44.805 44.80 44.80 44.80 44.80 44.80
 [514,] 44.805 44.80 44.80 44.80  44.805 44.80 44.80 44.80 44.80 44.80
 [515,] 51.441 51.44 51.44 51.44  51.441 51.44 51.44 51.44 51.44 51.44
 [516,] 39.034 39.03 39.03 39.03  39.034 39.03 39.03 39.03 39.03 39.03
 [517,] 38.640 38.64 38.64 38.64  38.640 38.64 38.64 38.64 38.64 38.64
 [518,] 43.099 43.10 43.10 43.10  43.099 43.10 43.10 43.10 43.10 43.10
 [519,] 43.099 43.10 43.10 43.10  43.099 43.10 43.10 43.10 43.10 43.10
 [520,] 38.117 38.12 38.12 38.12  38.117 38.12 38.12 38.12 38.12 38.12
 [521,] 25.419 25.42 25.42 25.42  25.419 25.42 25.42 25.42 25.42 25.42
 [522,] 44.068 44.07 44.07 44.07  44.068 44.07 44.07 44.07 44.07 44.07
 [523,] 46.331 46.33 46.33 46.33  46.331 46.33 46.33 46.33 46.33 46.33
 [524,] 44.468 44.47 44.47 44.47  44.468 44.47 44.47 44.47 44.47 44.47
 [525,] 42.845 42.84 42.84 42.84  42.845 42.84 42.84 42.84 42.84 42.84
 [526,] 49.139 49.14 49.14 49.14  49.139 49.14 49.14 49.14 49.14 49.14
 [527,] 45.976 45.98 45.98 45.98  45.976 45.98 45.98 45.98 45.98 45.98
 [528,] 41.936 41.94 41.94 41.94  41.936 41.94 41.94 41.94 41.94 41.94
 [529,] 44.944 44.94 44.94 44.94  44.944 44.94 44.94 44.94 44.94 44.94
 [530,] 52.572 52.57 52.57 52.57  52.572 52.57 52.57 52.57 52.57 52.57
 [531,] 37.707 37.71 37.71 37.71  37.707 37.71 37.71 37.71 37.71 37.71
 [532,] 27.130 27.13 27.13 27.13  27.130 27.13 27.13 27.13 27.13 27.13
 [533,] 46.845 46.84 46.84 46.84  46.845 46.84 46.84 46.84 46.84 46.84
 [534,] 15.032 22.15 38.21 22.88  26.162 31.03 -8.93 27.36 25.08 30.94
 [535,] 44.657 44.66 44.66 44.66  44.657 44.66 44.66 44.66 44.66 44.66
 [536,] 40.776 40.78 40.78 40.78  40.776 40.78 40.78 40.78 40.78 40.78
 [537,] 39.301 39.30 39.30 39.30  39.301 39.30 39.30 39.30 39.30 39.30
 [538,] 44.496 44.50 44.50 44.50  44.496 44.50 44.50 44.50 44.50 44.50
 [539,] 44.805 44.80 44.80 44.80  44.805 44.80 44.80 44.80 44.80 44.80
 [540,] 47.663 33.04 38.21 23.74  18.219 55.98 62.38 29.98 29.88 35.97
 [541,] 47.679 47.68 47.68 47.68  47.679 47.68 47.68 47.68 47.68 47.68
 [542,] 31.268 30.00 21.51 25.26  43.674 34.52 27.22 24.41 36.63 44.94
 [543,] 42.765 42.76 42.76 42.76  42.765 42.76 42.76 42.76 42.76 42.76
 [544,] 35.258 35.26 35.26 35.26  35.258 35.26 35.26 35.26 35.26 35.26
 [545,] 36.902 36.90 36.90 36.90  36.902 36.90 36.90 36.90 36.90 36.90
 [546,] 44.657 44.66 44.66 44.66  44.657 44.66 44.66 44.66 44.66 44.66
 [547,] 48.086 48.09 48.09 48.09  48.086 48.09 48.09 48.09 48.09 48.09
 [548,] 33.324 33.32 33.32 33.32  33.324 33.32 33.32 33.32 33.32 33.32
 [549,] 46.094 46.09 46.09 46.09  46.094 46.09 46.09 46.09 46.09 46.09
 [550,] 33.373 33.37 33.37 33.37  33.373 33.37 33.37 33.37 33.37 33.37
 [551,] 33.812 33.81 33.81 33.81  33.812 33.81 33.81 33.81 33.81 33.81
 [552,] 31.553 22.81 34.09 34.86  41.961 37.15 43.89 20.14 32.38 20.80
 [553,] 46.825 46.83 46.83 46.83  46.825 46.83 46.83 46.83 46.83 46.83
 [554,] 39.964 39.96 39.96 39.96  39.964 39.96 39.96 39.96 39.96 39.96
 [555,] 15.711 22.72 15.00 16.22  39.123 13.37 16.77 10.94  2.47 31.48
 [556,] 48.267 48.27 48.27 48.27  48.267 48.27 48.27 48.27 48.27 48.27
 [557,] 44.805 44.80 44.80 44.80  44.805 44.80 44.80 44.80 44.80 44.80
 [558,] 42.232 42.23 42.23 42.23  42.232 42.23 42.23 42.23 42.23 42.23
 [559,] 27.136 11.71 34.72 16.33  19.200 11.68 11.88  2.80 25.55 29.71
 [560,] 43.646 43.65 43.65 43.65  43.646 43.65 43.65 43.65 43.65 43.65
 [561,] 31.642 31.64 31.64 31.64  31.642 31.64 31.64 31.64 31.64 31.64
 [562,] 45.976 45.98 45.98 45.98  45.976 45.98 45.98 45.98 45.98 45.98
 [563,] 11.796 17.95 22.45 17.40  26.530 44.36 23.51 21.38 18.44 25.69
 [564,] 40.317 40.32 40.32 40.32  40.317 40.32 40.32 40.32 40.32 40.32
 [565,] 43.099 43.10 43.10 43.10  43.099 43.10 43.10 43.10 43.10 43.10
 [566,] 21.461 -2.17 21.66 19.41  24.713 19.86 21.55 14.88  1.91 10.85
 [567,] 47.532 47.53 47.53 47.53  47.532 47.53 47.53 47.53 47.53 47.53
 [568,] 46.730 46.73 46.73 46.73  46.730 46.73 46.73 46.73 46.73 46.73
 [569,] 51.844 16.93 29.70 26.50  26.587 28.80 29.86 35.24 28.32 10.89
 [570,] 34.051 14.76 27.78 34.87  20.514 21.02 26.09 49.19 34.42 25.09
 [571,] 46.645 46.64 46.64 46.64  46.645 46.64 46.64 46.64 46.64 46.64
 [572,] 45.974 45.97 45.97 45.97  45.974 45.97 45.97 45.97 45.97 45.97
 [573,] 42.156 42.16 42.16 42.16  42.156 42.16 42.16 42.16 42.16 42.16
 [574,] 40.093 47.54 20.56 26.23  35.445 33.35 28.12 36.08 17.51 23.54
 [575,] 50.307 50.31 50.31 50.31  50.307 50.31 50.31 50.31 50.31 50.31
 [576,] 40.951 40.95 40.95 40.95  40.951 40.95 40.95 40.95 40.95 40.95
 [577,] 44.805 44.80 44.80 44.80  44.805 44.80 44.80 44.80 44.80 44.80
 [578,] 46.152 46.15 46.15 46.15  46.152 46.15 46.15 46.15 46.15 46.15
 [579,] 45.346 45.35 45.35 45.35  45.346 45.35 45.35 45.35 45.35 45.35
 [580,] 44.657 44.66 44.66 44.66  44.657 44.66 44.66 44.66 44.66 44.66
 [581,] 28.274 19.08 20.77 27.62  36.075 14.35  4.59  4.59  2.05 14.62
 [582,] 19.391 20.76  9.17 23.40  22.391 20.57 15.55 30.88 14.29  5.27
 [583,] 33.512 33.51 33.51 33.51  33.512 33.51 33.51 33.51 33.51 33.51
 [584,] 39.856 39.86 39.86 39.86  39.856 39.86 39.86 39.86 39.86 39.86
 [585,] 45.484 45.48 45.48 45.48  45.484 45.48 45.48 45.48 45.48 45.48
 [586,] 46.062 46.06 46.06 46.06  46.062 46.06 46.06 46.06 46.06 46.06
 [587,] 46.123 46.12 46.12 46.12  46.123 46.12 46.12 46.12 46.12 46.12
 [588,] 46.975 46.98 46.98 46.98  46.975 46.98 46.98 46.98 46.98 46.98
 [589,] 38.820 38.82 38.82 38.82  38.820 38.82 38.82 38.82 38.82 38.82
 [590,] 46.062 46.06 46.06 46.06  46.062 46.06 46.06 46.06 46.06 46.06
 [591,] 47.232 47.23 47.23 47.23  47.232 47.23 47.23 47.23 47.23 47.23
 [592,] 46.596 46.60 46.60 46.60  46.596 46.60 46.60 46.60 46.60 46.60
 [593,] 44.521 44.52 44.52 44.52  44.521 44.52 44.52 44.52 44.52 44.52
 [594,] 43.099 43.10 43.10 43.10  43.099 43.10 43.10 43.10 43.10 43.10
 [595,] 46.123 46.12 46.12 46.12  46.123 46.12 46.12 46.12 46.12 46.12
 [596,] 39.049 39.05 39.05 39.05  39.049 39.05 39.05 39.05 39.05 39.05
 [597,]  6.568 42.51 40.84 38.22  31.355 55.12 27.22 33.32 38.69 42.41
 [598,] 43.099 43.10 43.10 43.10  43.099 43.10 43.10 43.10 43.10 43.10
 [599,] 44.831 44.83 44.83 44.83  44.831 44.83 44.83 44.83 44.83 44.83
 [600,] 49.553 49.55 49.55 49.55  49.553 49.55 49.55 49.55 49.55 49.55
 [601,] 46.123 46.12 46.12 46.12  46.123 46.12 46.12 46.12 46.12 46.12
 [602,] 46.365 46.36 46.36 46.36  46.365 46.36 46.36 46.36 46.36 46.36
 [603,] 49.020 49.02 49.02 49.02  49.020 49.02 49.02 49.02 49.02 49.02
 [604,] 44.805 44.80 44.80 44.80  44.805 44.80 44.80 44.80 44.80 44.80
 [605,] 47.499 47.50 47.50 47.50  47.499 47.50 47.50 47.50 47.50 47.50
 [606,] 40.980 40.98 40.98 40.98  40.980 40.98 40.98 40.98 40.98 40.98
 [607,] 43.687 43.69 43.69 43.69  43.687 43.69 43.69 43.69 43.69 43.69
 [608,] 47.679 47.68 47.68 47.68  47.679 47.68 47.68 47.68 47.68 47.68
 [609,] 42.795 42.80 42.80 42.80  42.795 42.80 42.80 42.80 42.80 42.80
 [610,] 43.506 43.51 43.51 43.51  43.506 43.51 43.51 43.51 43.51 43.51
 [611,] 45.392 45.39 45.39 45.39  45.392 45.39 45.39 45.39 45.39 45.39
 [612,] 33.956 33.96 33.96 33.96  33.956 33.96 33.96 33.96 33.96 33.96
 [613,] 44.208 44.21 44.21 44.21  44.208 44.21 44.21 44.21 44.21 44.21
 [614,] 45.326 45.33 45.33 45.33  45.326 45.33 45.33 45.33 45.33 45.33
 [615,] 42.069 42.07 42.07 42.07  42.069 42.07 42.07 42.07 42.07 42.07
 [616,] 48.839 48.84 48.84 48.84  48.839 48.84 48.84 48.84 48.84 48.84
 [617,] 47.679 47.68 47.68 47.68  47.679 47.68 47.68 47.68 47.68 47.68
 [618,] 43.099 43.10 43.10 43.10  43.099 43.10 43.10 43.10 43.10 43.10
 [619,] 45.963 45.96 45.96 45.96  45.963 45.96 45.96 45.96 45.96 45.96
 [620,] 45.976 45.98 45.98 45.98  45.976 45.98 45.98 45.98 45.98 45.98
 [621,] 29.298 29.30 29.30 29.30  29.298 29.30 29.30 29.30 29.30 29.30
 [622,] 44.805 44.80 44.80 44.80  44.805 44.80 44.80 44.80 44.80 44.80
 [623,] 45.392 45.39 45.39 45.39  45.392 45.39 45.39 45.39 45.39 45.39
 [624,] 26.859 34.71 43.58 34.04  37.117 37.11 47.82 31.04 52.13 37.63
 [625,] 44.805 44.80 44.80 44.80  44.805 44.80 44.80 44.80 44.80 44.80
 [626,]  9.464 29.48 70.12 48.19  44.438 41.70 44.16 29.05 41.58 16.32
 [627,] 45.285 36.99 39.35 49.16   0.428 21.66 19.73 28.78 26.82 29.41
 [628,] 44.468 44.47 44.47 44.47  44.468 44.47 44.47 44.47 44.47 44.47
 [629,] 43.506 43.51 43.51 43.51  43.506 43.51 43.51 43.51 43.51 43.51
 [630,] 44.495 44.49 44.49 44.49  44.495 44.49 44.49 44.49 44.49 44.49
 [631,] 44.657 44.66 44.66 44.66  44.657 44.66 44.66 44.66 44.66 44.66
 [632,] 52.215 52.21 52.21 52.21  52.215 52.21 52.21 52.21 52.21 52.21
 [633,] 25.818 25.82 25.82 25.82  25.818 25.82 25.82 25.82 25.82 25.82
 [634,] 48.083 48.08 48.08 48.08  48.083 48.08 48.08 48.08 48.08 48.08
 [635,] 36.220 36.22 36.22 36.22  36.220 36.22 36.22 36.22 36.22 36.22
 [636,] 45.976 45.98 45.98 45.98  45.976 45.98 45.98 45.98 45.98 45.98
 [637,] 49.627 49.63 49.63 49.63  49.627 49.63 49.63 49.63 49.63 49.63
 [638,] 48.267 48.27 48.27 48.27  48.267 48.27 48.27 48.27 48.27 48.27
 [639,] 41.155 41.15 41.15 41.15  41.155 41.15 41.15 41.15 41.15 41.15
 [640,] 46.655 46.66 46.66 46.66  46.655 46.66 46.66 46.66 46.66 46.66
 [641,] 35.340 32.71 46.96 52.98  24.336 49.45 39.03 39.00 36.65 12.17
 [642,] 44.805 44.80 44.80 44.80  44.805 44.80 44.80 44.80 44.80 44.80
 [643,] 44.497 44.50 44.50 44.50  44.497 44.50 44.50 44.50 44.50 44.50
 [644,] 57.336 37.66 36.34 48.53  38.806 50.64 53.79 36.26 34.74 35.13
 [645,] 37.780 37.78 37.78 37.78  37.780 37.78 37.78 37.78 37.78 37.78
 [646,] 38.881 38.88 38.88 38.88  38.881 38.88 38.88 38.88 38.88 38.88
 [647,] 45.251 45.25 45.25 45.25  45.251 45.25 45.25 45.25 45.25 45.25
 [648,] 37.975 37.97 37.97 37.97  37.975 37.97 37.97 37.97 37.97 37.97
 [649,] 48.381 48.38 48.38 48.38  48.381 48.38 48.38 48.38 48.38 48.38
 [650,] 32.562 32.56 32.56 32.56  32.562 32.56 32.56 32.56 32.56 32.56
 [651,] 47.232 47.23 47.23 47.23  47.232 47.23 47.23 47.23 47.23 47.23
 [652,] 43.826 43.83 43.83 43.83  43.826 43.83 43.83 43.83 43.83 43.83
 [653,] 35.486 35.49 35.49 35.49  35.486 35.49 35.49 35.49 35.49 35.49
 [654,] 45.387 45.39 45.39 45.39  45.387 45.39 45.39 45.39 45.39 45.39
 [655,] 44.805 44.80 44.80 44.80  44.805 44.80 44.80 44.80 44.80 44.80
 [656,] 46.123 46.12 46.12 46.12  46.123 46.12 46.12 46.12 46.12 46.12
 [657,] 51.429 51.43 51.43 51.43  51.429 51.43 51.43 51.43 51.43 51.43
 [658,] 39.285 42.02 23.17 30.75  40.313 57.79 29.66 36.40 51.35 42.76
 [659,] 47.679 47.68 47.68 47.68  47.679 47.68 47.68 47.68 47.68 47.68
 [660,] 42.379 42.38 42.38 42.38  42.379 42.38 42.38 42.38 42.38 42.38
 [661,] 48.381 48.38 48.38 48.38  48.381 48.38 48.38 48.38 48.38 48.38
 [662,] 30.855 30.86 30.86 30.86  30.855 30.86 30.86 30.86 30.86 30.86
 [663,] 39.603 39.60 39.60 39.60  39.603 39.60 39.60 39.60 39.60 39.60
 [664,] 46.123 46.12 46.12 46.12  46.123 46.12 46.12 46.12 46.12 46.12
 [665,] 46.123 46.12 46.12 46.12  46.123 46.12 46.12 46.12 46.12 46.12
 [666,] 44.657 44.66 44.66 44.66  44.657 44.66 44.66 44.66 44.66 44.66
 [667,] 46.123 46.12 46.12 46.12  46.123 46.12 46.12 46.12 46.12 46.12
 [668,] 44.805 44.80 44.80 44.80  44.805 44.80 44.80 44.80 44.80 44.80
 [669,] 33.013 33.01 33.01 33.01  33.013 33.01 33.01 33.01 33.01 33.01
 [670,] 46.123 46.12 46.12 46.12  46.123 46.12 46.12 46.12 46.12 46.12
 [671,] 46.062 46.06 46.06 46.06  46.062 46.06 46.06 46.06 46.06 46.06
 [672,] 24.403 35.42 17.08 16.23  13.668 45.84 20.75 50.55 51.30 24.78
 [673,] 46.218 46.22 46.22 46.22  46.218 46.22 46.22 46.22 46.22 46.22
 [674,] 39.426 39.43 39.43 39.43  39.426 39.43 39.43 39.43 39.43 39.43
 [675,] 35.826 35.83 35.83 35.83  35.826 35.83 35.83 35.83 35.83 35.83
 [676,] 22.770 44.47 13.47 45.72  55.247 37.33 21.71 32.99 57.10 26.24
 [677,] 46.670 46.67 46.67 46.67  46.670 46.67 46.67 46.67 46.67 46.67
 [678,] 44.657 44.66 44.66 44.66  44.657 44.66 44.66 44.66 44.66 44.66
 [679,] 40.991 40.99 40.99 40.99  40.991 40.99 40.99 40.99 40.99 40.99
 [680,] 42.616 42.62 42.62 42.62  42.616 42.62 42.62 42.62 42.62 42.62
 [681,] 44.805 44.80 44.80 44.80  44.805 44.80 44.80 44.80 44.80 44.80
 [682,] 37.296 37.30 37.30 37.30  37.296 37.30 37.30 37.30 37.30 37.30
 [683,] 46.381 46.38 46.38 46.38  46.381 46.38 46.38 46.38 46.38 46.38
 [684,] 47.874 47.87 47.87 47.87  47.874 47.87 47.87 47.87 47.87 47.87
 [685,] 35.283 35.28 35.28 35.28  35.283 35.28 35.28 35.28 35.28 35.28
 [686,] 45.392 45.39 45.39 45.39  45.392 45.39 45.39 45.39 45.39 45.39
 [687,] 45.506 45.51 45.51 45.51  45.506 45.51 45.51 45.51 45.51 45.51
 [688,] 33.692 33.69 33.69 33.69  33.692 33.69 33.69 33.69 33.69 33.69
 [689,] 44.805 44.80 44.80 44.80  44.805 44.80 44.80 44.80 44.80 44.80
 [690,] 45.392 45.39 45.39 45.39  45.392 45.39 45.39 45.39 45.39 45.39
 [691,] 48.422 28.93 30.04 39.03  30.493 50.46 53.04 30.04 41.67 31.55
 [692,] 44.805 44.80 44.80 44.80  44.805 44.80 44.80 44.80 44.80 44.80
 [693,] 47.578 47.58 47.58 47.58  47.578 47.58 47.58 47.58 47.58 47.58
 [694,] 42.555 42.56 42.56 42.56  42.555 42.56 42.56 42.56 42.56 42.56
 [695,] 35.022 35.02 35.02 35.02  35.022 35.02 35.02 35.02 35.02 35.02
 [696,] 49.794 49.79 49.79 49.79  49.794 49.79 49.79 49.79 49.79 49.79
 [697,] 45.097 45.10 45.10 45.10  45.097 45.10 45.10 45.10 45.10 45.10
 [698,] 49.426 49.43 49.43 49.43  49.426 49.43 49.43 49.43 49.43 49.43
 [699,] 46.975 23.93 34.25 65.56  31.816 43.09 49.28 18.39 31.26 47.64
 [700,] 37.954 38.29 44.23 36.27  42.860 30.08 37.27 34.20 12.75 23.44
 [701,] 45.392 45.39 45.39 45.39  45.392 45.39 45.39 45.39 45.39 45.39
 [702,] 45.392 45.39 45.39 45.39  45.392 45.39 45.39 45.39 45.39 45.39
 [703,] 46.123 46.12 46.12 46.12  46.123 46.12 46.12 46.12 46.12 46.12
 [704,] 48.871 48.87 48.87 48.87  48.871 48.87 48.87 48.87 48.87 48.87
 [705,] 44.657 44.66 44.66 44.66  44.657 44.66 44.66 44.66 44.66 44.66
 [706,] 47.546 47.55 47.55 47.55  47.546 47.55 47.55 47.55 47.55 47.55
 [707,] 36.138 36.14 36.14 36.14  36.138 36.14 36.14 36.14 36.14 36.14
 [708,] 44.805 44.80 44.80 44.80  44.805 44.80 44.80 44.80 44.80 44.80
 [709,] 47.158 47.16 47.16 47.16  47.158 47.16 47.16 47.16 47.16 47.16
 [710,] 40.771 40.77 40.77 40.77  40.771 40.77 40.77 40.77 40.77 40.77
 [711,] 35.832 35.83 35.83 35.83  35.832 35.83 35.83 35.83 35.83 35.83
 [712,] 39.592 39.59 39.59 39.59  39.592 39.59 39.59 39.59 39.59 39.59
 [713,] 38.613 38.61 38.61 38.61  38.613 38.61 38.61 38.61 38.61 38.61
 [714,] 38.355 30.49 40.25 37.50  21.157 26.81 34.62 27.87 19.86  6.68
 [715,] 33.304 33.30 33.30 33.30  33.304 33.30 33.30 33.30 33.30 33.30
 [716,] 43.826 43.83 43.83 43.83  43.826 43.83 43.83 43.83 43.83 43.83
 [717,] 20.162 65.92 33.16 26.83  27.483 34.41 24.57 36.84 49.98 18.60
 [718,] 35.258 35.26 35.26 35.26  35.258 35.26 35.26 35.26 35.26 35.26
 [719,] 27.258 27.26 27.26 27.26  27.258 27.26 27.26 27.26 27.26 27.26
 [720,] 45.976 45.98 45.98 45.98  45.976 45.98 45.98 45.98 45.98 45.98
 [721,] 44.357 44.36 44.36 44.36  44.357 44.36 44.36 44.36 44.36 44.36
 [722,] 44.496 44.50 44.50 44.50  44.496 44.50 44.50 44.50 44.50 44.50
 [723,] 35.710 35.71 35.71 35.71  35.710 35.71 35.71 35.71 35.71 35.71
 [724,] 55.518 68.78 26.43 35.30  47.624 49.16 43.96 47.78 34.09 30.78
 [725,] 44.805 44.80 44.80 44.80  44.805 44.80 44.80 44.80 44.80 44.80
 [726,] 46.361 46.36 46.36 46.36  46.361 46.36 46.36 46.36 46.36 46.36
 [727,] 35.929 35.93 35.93 35.93  35.929 35.93 35.93 35.93 35.93 35.93
 [728,] 48.407 48.41 48.41 48.41  48.407 48.41 48.41 48.41 48.41 48.41
 [729,] 47.263 47.26 47.26 47.26  47.263 47.26 47.26 47.26 47.26 47.26
 [730,] 52.042 52.04 52.04 52.04  52.042 52.04 52.04 52.04 52.04 52.04
 [731,] 46.381 46.38 46.38 46.38  46.381 46.38 46.38 46.38 46.38 46.38
 [732,] 32.238 32.24 32.24 32.24  32.238 32.24 32.24 32.24 32.24 32.24
 [733,] 44.396 44.40 44.40 44.40  44.396 44.40 44.40 44.40 44.40 44.40
 [734,] 40.364 40.36 40.36 40.36  40.364 40.36 40.36 40.36 40.36 40.36
 [735,] 64.691 46.44  7.46 37.72  46.037 18.61 28.59 34.42 31.49 11.34
 [736,] 44.624 44.62 44.62 44.62  44.624 44.62 44.62 44.62 44.62 44.62
 [737,] 44.805 44.80 44.80 44.80  44.805 44.80 44.80 44.80 44.80 44.80
 [738,] 39.223 39.22 39.22 39.22  39.223 39.22 39.22 39.22 39.22 39.22
 [739,] 45.140 32.43 64.79 53.96  30.566 44.95 30.55 20.21 25.15 53.92
 [740,] 44.657 44.66 44.66 44.66  44.657 44.66 44.66 44.66 44.66 44.66
 [741,] 43.099 43.10 43.10 43.10  43.099 43.10 43.10 43.10 43.10 43.10
 [742,] 48.575 48.58 48.58 48.58  48.575 48.58 48.58 48.58 48.58 48.58
 [743,] 45.459 45.46 45.46 45.46  45.459 45.46 45.46 45.46 45.46 45.46
 [744,] 42.606 42.61 42.61 42.61  42.606 42.61 42.61 42.61 42.61 42.61
 [745,] 32.257 32.26 32.26 32.26  32.257 32.26 32.26 32.26 32.26 32.26
 [746,] 46.123 46.12 46.12 46.12  46.123 46.12 46.12 46.12 46.12 46.12
 [747,] 42.282 42.28 42.28 42.28  42.282 42.28 42.28 42.28 42.28 42.28
 [748,] 43.099 43.10 43.10 43.10  43.099 43.10 43.10 43.10 43.10 43.10
 [749,] 50.941 40.16 33.74 46.40  43.060 52.42 40.44 22.95 52.60 50.78
 [750,] 47.679 47.68 47.68 47.68  47.679 47.68 47.68 47.68 47.68 47.68
 [751,] 43.239 43.24 43.24 43.24  43.239 43.24 43.24 43.24 43.24 43.24
 [752,] 47.679 47.68 47.68 47.68  47.679 47.68 47.68 47.68 47.68 47.68
 [753,] 44.021 44.02 44.02 44.02  44.021 44.02 44.02 44.02 44.02 44.02
 [754,] 52.042 35.91 28.67 30.65  13.450 51.87 53.91 30.39 23.27 29.67
 [755,] 43.099 43.10 43.10 43.10  43.099 43.10 43.10 43.10 43.10 43.10
 [756,] 49.540 49.54 49.54 49.54  49.540 49.54 49.54 49.54 49.54 49.54
 [757,] 28.887 28.89 28.89 28.89  28.887 28.89 28.89 28.89 28.89 28.89
 [758,] 48.267 48.27 48.27 48.27  48.267 48.27 48.27 48.27 48.27 48.27
 [759,] 46.094 46.09 46.09 46.09  46.094 46.09 46.09 46.09 46.09 46.09
 [760,] 33.739 25.80 71.10 30.59  46.178 25.34 16.47 40.67 14.93 37.92
 [761,] 49.639 49.64 49.64 49.64  49.639 49.64 49.64 49.64 49.64 49.64
 [762,] 39.294 39.29 39.29 39.29  39.294 39.29 39.29 39.29 39.29 39.29
 [763,] 45.392 45.39 45.39 45.39  45.392 45.39 45.39 45.39 45.39 45.39
 [764,] 47.532 47.53 47.53 47.53  47.532 47.53 47.53 47.53 47.53 47.53
 [765,] 44.805 44.80 44.80 44.80  44.805 44.80 44.80 44.80 44.80 44.80
 [766,] 51.832 51.83 51.83 51.83  51.832 51.83 51.83 51.83 51.83 51.83
 [767,] 40.383 40.38 40.38 40.38  40.383 40.38 40.38 40.38 40.38 40.38
 [768,] 36.533 36.53 36.53 36.53  36.533 36.53 36.53 36.53 36.53 36.53
 [769,] 43.099 43.10 43.10 43.10  43.099 43.10 43.10 43.10 43.10 43.10
 [770,] 47.252 47.25 47.25 47.25  47.252 47.25 47.25 47.25 47.25 47.25
 [771,] 43.246 43.25 43.25 43.25  43.246 43.25 43.25 43.25 43.25 43.25
 [772,] 25.872 25.87 25.87 25.87  25.872 25.87 25.87 25.87 25.87 25.87
 [773,] 49.586 49.59 49.59 49.59  49.586 49.59 49.59 49.59 49.59 49.59
 [774,] 52.608 52.61 52.61 52.61  52.608 52.61 52.61 52.61 52.61 52.61
 [775,] 42.439 42.44 42.44 42.44  42.439 42.44 42.44 42.44 42.44 42.44
 [776,] 47.232 47.23 47.23 47.23  47.232 47.23 47.23 47.23 47.23 47.23
 [777,] 45.976 45.98 45.98 45.98  45.976 45.98 45.98 45.98 45.98 45.98
 [778,] 44.716 48.41 31.54 42.61  45.166 48.92 32.89 27.42 38.49 29.30
 [779,] 40.070 40.07 40.07 40.07  40.070 40.07 40.07 40.07 40.07 40.07
 [780,] 43.826 43.83 43.83 43.83  43.826 43.83 43.83 43.83 43.83 43.83
 [781,] 27.130 27.13 27.13 27.13  27.130 27.13 27.13 27.13 27.13 27.13
 [782,] 49.869 49.87 49.87 49.87  49.869 49.87 49.87 49.87 49.87 49.87
 [783,] 42.114 42.11 42.11 42.11  42.114 42.11 42.11 42.11 42.11 42.11
 [784,] 45.976 45.98 45.98 45.98  45.976 45.98 45.98 45.98 45.98 45.98
 [785,] 35.258 35.26 35.26 35.26  35.258 35.26 35.26 35.26 35.26 35.26
 [786,] 46.202 46.20 46.20 46.20  46.202 46.20 46.20 46.20 46.20 46.20
 [787,] 27.309 27.31 27.31 27.31  27.309 27.31 27.31 27.31 27.31 27.31
 [788,] 47.679 47.68 47.68 47.68  47.679 47.68 47.68 47.68 47.68 47.68
 [789,] 45.640 45.64 45.64 45.64  45.640 45.64 45.64 45.64 45.64 45.64
 [790,] 40.746 40.75 40.75 40.75  40.746 40.75 40.75 40.75 40.75 40.75
 [791,] 39.447 39.45 39.45 39.45  39.447 39.45 39.45 39.45 39.45 39.45
 [792,] 46.426 46.43 46.43 46.43  46.426 46.43 46.43 46.43 46.43 46.43
 [793,] 40.437 40.44 40.44 40.44  40.437 40.44 40.44 40.44 40.44 40.44
 [794,] 47.510 34.89 46.29 34.69  16.906  4.88 18.35 45.15 22.10 51.25
 [795,] 47.263 47.26 47.26 47.26  47.263 47.26 47.26 47.26 47.26 47.26
 [796,] 41.360 41.36 41.36 41.36  41.360 41.36 41.36 41.36 41.36 41.36
 [797,] 44.805 44.80 44.80 44.80  44.805 44.80 44.80 44.80 44.80 44.80
 [798,] 44.631 44.63 44.63 44.63  44.631 44.63 44.63 44.63 44.63 44.63
 [799,] 43.239 43.24 43.24 43.24  43.239 43.24 43.24 43.24 43.24 43.24
 [800,] 45.130 45.13 45.13 45.13  45.130 45.13 45.13 45.13 45.13 45.13
 [801,] 46.053 46.05 46.05 46.05  46.053 46.05 46.05 46.05 46.05 46.05
 [802,] 43.930 43.93 43.93 43.93  43.930 43.93 43.93 43.93 43.93 43.93
 [803,] 43.099 43.10 43.10 43.10  43.099 43.10 43.10 43.10 43.10 43.10
 [804,] 46.033 46.03 46.03 46.03  46.033 46.03 46.03 46.03 46.03 46.03
 [805,] 27.136 27.14 27.14 27.14  27.136 27.14 27.14 27.14 27.14 27.14
 [806,] 46.094 46.09 46.09 46.09  46.094 46.09 46.09 46.09 46.09 46.09
 [807,] 44.805 44.80 44.80 44.80  44.805 44.80 44.80 44.80 44.80 44.80
 [808,] 34.323 34.32 34.32 34.32  34.323 34.32 34.32 34.32 34.32 34.32
 [809,] 33.094 33.09 33.09 33.09  33.094 33.09 33.09 33.09 33.09 33.09
 [810,] 43.099 43.10 43.10 43.10  43.099 43.10 43.10 43.10 43.10 43.10
 [811,] 46.562 46.56 46.56 46.56  46.562 46.56 46.56 46.56 46.56 46.56
 [812,] 42.919 42.92 42.92 42.92  42.919 42.92 42.92 42.92 42.92 42.92
 [813,] 45.976 45.98 45.98 45.98  45.976 45.98 45.98 45.98 45.98 45.98
 [814,] 31.976 31.98 31.98 31.98  31.976 31.98 31.98 31.98 31.98 31.98
 [815,] 44.944 44.94 44.94 44.94  44.944 44.94 44.94 44.94 44.94 44.94
 [816,] 46.939 46.94 46.94 46.94  46.939 46.94 46.94 46.94 46.94 46.94
 [817,] 40.188 40.19 40.19 40.19  40.188 40.19 40.19 40.19 40.19 40.19
 [818,] 43.639 43.64 43.64 43.64  43.639 43.64 43.64 43.64 43.64 43.64
 [819,] 42.069 42.07 42.07 42.07  42.069 42.07 42.07 42.07 42.07 42.07
 [820,] 43.506 43.51 43.51 43.51  43.506 43.51 43.51 43.51 43.51 43.51
 [821,] 46.670 46.67 46.67 46.67  46.670 46.67 46.67 46.67 46.67 46.67
 [822,] 44.468 44.47 44.47 44.47  44.468 44.47 44.47 44.47 44.47 44.47
 [823,] 43.687 43.69 43.69 43.69  43.687 43.69 43.69 43.69 43.69 43.69
 [824,] 46.835 46.84 46.84 46.84  46.835 46.84 46.84 46.84 46.84 46.84
 [825,] 54.118 54.12 54.12 54.12  54.118 54.12 54.12 54.12 54.12 54.12
 [826,] 46.123 46.12 46.12 46.12  46.123 46.12 46.12 46.12 46.12 46.12
 [827,] 65.504 57.18 71.34 25.76  39.952 44.75 56.77 53.45 45.36 66.95
 [828,] 36.076 36.08 36.08 36.08  36.076 36.08 36.08 36.08 36.08 36.08
 [829,] 44.805 44.80 44.80 44.80  44.805 44.80 44.80 44.80 44.80 44.80
 [830,] 44.159 44.16 44.16 44.16  44.159 44.16 44.16 44.16 44.16 44.16
 [831,] 44.805 44.80 44.80 44.80  44.805 44.80 44.80 44.80 44.80 44.80
 [832,] 45.212 45.21 45.21 45.21  45.212 45.21 45.21 45.21 45.21 45.21
 [833,] 47.679 47.68 47.68 47.68  47.679 47.68 47.68 47.68 47.68 47.68
 [834,] 46.123 46.12 46.12 46.12  46.123 46.12 46.12 46.12 46.12 46.12
 [835,] 44.623 44.62 44.62 44.62  44.623 44.62 44.62 44.62 44.62 44.62
 [836,] 59.259 60.29 41.87 38.93  44.370 42.89 38.84 32.09 43.20 33.29
 [837,] 44.805 44.80 44.80 44.80  44.805 44.80 44.80 44.80 44.80 44.80
 [838,] 41.441 41.44 41.44 41.44  41.441 41.44 41.44 41.44 41.44 41.44
 [839,] 49.846 52.86 64.98 71.64  55.804 30.06 80.71 58.65 45.51 46.14
 [840,] 38.915 38.91 38.91 38.91  38.915 38.91 38.91 38.91 38.91 38.91
 [841,] 34.653 34.65 34.65 34.65  34.653 34.65 34.65 34.65 34.65 34.65
 [842,] 41.764 41.76 41.76 41.76  41.764 41.76 41.76 41.76 41.76 41.76
 [843,] 44.805 44.80 44.80 44.80  44.805 44.80 44.80 44.80 44.80 44.80
 [844,] 36.138 36.14 36.14 36.14  36.138 36.14 36.14 36.14 36.14 36.14
 [845,] 44.341 44.34 44.34 44.34  44.341 44.34 44.34 44.34 44.34 44.34
 [846,] 28.046 28.05 28.05 28.05  28.046 28.05 28.05 28.05 28.05 28.05
 [847,] 42.616 42.62 42.62 42.62  42.616 42.62 42.62 42.62 42.62 42.62
 [848,] 48.575 48.57 48.57 48.57  48.575 48.57 48.57 48.57 48.57 48.57
 [849,] 38.623 38.62 38.62 38.62  38.623 38.62 38.62 38.62 38.62 38.62
 [850,] 44.116 44.12 44.12 44.12  44.116 44.12 44.12 44.12 44.12 44.12
 [851,] 44.805 44.80 44.80 44.80  44.805 44.80 44.80 44.80 44.80 44.80
 [852,] 54.870 63.87 59.57 65.27  18.355 34.36 41.84 26.71 39.97 27.60
 [853,] 47.541 47.54 47.54 47.54  47.541 47.54 47.54 47.54 47.54 47.54
 [854,] 44.805 44.80 44.80 44.80  44.805 44.80 44.80 44.80 44.80 44.80
 [855,] 40.828 40.83 40.83 40.83  40.828 40.83 40.83 40.83 40.83 40.83
 [856,] 44.805 44.80 44.80 44.80  44.805 44.80 44.80 44.80 44.80 44.80
 [857,] 43.617 43.62 43.62 43.62  43.617 43.62 43.62 43.62 43.62 43.62
 [858,] 44.657 44.66 44.66 44.66  44.657 44.66 44.66 44.66 44.66 44.66
 [859,] 37.858 49.25 46.40 63.43  32.275 64.55 62.38 73.76 44.51 38.74
 [860,] 43.148 56.01 22.43 47.75  48.190 56.81 27.26 41.12 37.15 37.15
 [861,] 47.381 47.38 47.38 47.38  47.381 47.38 47.38 47.38 47.38 47.38
 [862,] 46.123 46.12 46.12 46.12  46.123 46.12 46.12 46.12 46.12 46.12
 [863,] 44.805 44.80 44.80 44.80  44.805 44.80 44.80 44.80 44.80 44.80
 [864,] 39.112 39.11 39.11 39.11  39.112 39.11 39.11 39.11 39.11 39.11
 [865,] 45.976 45.98 45.98 45.98  45.976 45.98 45.98 45.98 45.98 45.98
 [866,] 46.062 46.06 46.06 46.06  46.062 46.06 46.06 46.06 46.06 46.06
 [867,] 52.725 52.72 52.72 52.72  52.725 52.72 52.72 52.72 52.72 52.72
 [868,] 45.295 45.29 45.29 45.29  45.295 45.29 45.29 45.29 45.29 45.29
 [869,] 36.303 36.30 36.30 36.30  36.303 36.30 36.30 36.30 36.30 36.30
 [870,] 47.146 47.15 47.15 47.15  47.146 47.15 47.15 47.15 47.15 47.15
 [871,] 31.888 68.39 62.12 49.02  64.740 34.11 69.66 54.79 53.28 46.51
 [872,] 32.219 30.39 35.20 44.22  24.193 42.31 59.10 40.97 40.05 46.53
 [873,] 45.976 45.98 45.98 45.98  45.976 45.98 45.98 45.98 45.98 45.98
 [874,] 47.669 47.67 47.67 47.67  47.669 47.67 47.67 47.67 47.67 47.67
 [875,] 40.684 40.68 40.68 40.68  40.684 40.68 40.68 40.68 40.68 40.68
 [876,] 44.805 44.80 44.80 44.80  44.805 44.80 44.80 44.80 44.80 44.80
 [877,] 36.915 36.91 36.91 36.91  36.915 36.91 36.91 36.91 36.91 36.91
 [878,] 46.365 46.36 46.36 46.36  46.365 46.36 46.36 46.36 46.36 46.36
 [879,] 46.280 46.28 46.28 46.28  46.280 46.28 46.28 46.28 46.28 46.28
 [880,] 45.314 45.31 45.31 45.31  45.314 45.31 45.31 45.31 45.31 45.31
 [881,] 47.982 47.98 47.98 47.98  47.982 47.98 47.98 47.98 47.98 47.98
 [882,] 45.392 45.39 45.39 45.39  45.392 45.39 45.39 45.39 45.39 45.39
 [883,] 44.389 44.39 44.39 44.39  44.389 44.39 44.39 44.39 44.39 44.39
 [884,] 47.770 47.77 47.77 47.77  47.770 47.77 47.77 47.77 47.77 47.77
 [885,] 45.976 45.98 45.98 45.98  45.976 45.98 45.98 45.98 45.98 45.98
 [886,] 50.632 50.63 50.63 50.63  50.632 50.63 50.63 50.63 50.63 50.63
 [887,] 44.079 44.08 44.08 44.08  44.079 44.08 44.08 44.08 44.08 44.08
 [888,] 39.978 39.98 39.98 39.98  39.978 39.98 39.98 39.98 39.98 39.98
 [889,] 47.668 47.67 47.67 47.67  47.668 47.67 47.67 47.67 47.67 47.67
 [890,] 33.175 33.18 33.18 33.18  33.175 33.18 33.18 33.18 33.18 33.18
 [891,] 52.210 62.49 42.00 49.07  43.625 29.96 35.66 26.31 35.56 52.11
 [892,] 42.069 42.07 42.07 42.07  42.069 42.07 42.07 42.07 42.07 42.07
 [893,] 31.571 40.73 26.57 41.37  47.570 55.64 63.56 43.45 49.22 43.65
 [894,] 45.976 45.98 45.98 45.98  45.976 45.98 45.98 45.98 45.98 45.98
 [895,] 42.125 42.13 42.13 42.13  42.125 42.13 42.13 42.13 42.13 42.13
 [896,] 44.657 44.66 44.66 44.66  44.657 44.66 44.66 44.66 44.66 44.66
 [897,] 50.127 50.13 50.13 50.13  50.127 50.13 50.13 50.13 50.13 50.13
 [898,] 31.559 31.56 31.56 31.56  31.559 31.56 31.56 31.56 31.56 31.56
 [899,] 45.976 45.98 45.98 45.98  45.976 45.98 45.98 45.98 45.98 45.98
 [900,] 43.827 43.83 43.83 43.83  43.827 43.83 43.83 43.83 43.83 43.83
 [901,] 42.656 42.66 42.66 42.66  42.656 42.66 42.66 42.66 42.66 42.66
 [902,] 46.764 46.76 46.76 46.76  46.764 46.76 46.76 46.76 46.76 46.76
 [903,] 43.099 43.10 43.10 43.10  43.099 43.10 43.10 43.10 43.10 43.10
 [904,] 47.343 47.34 47.34 47.34  47.343 47.34 47.34 47.34 47.34 47.34
 [905,] 44.357 44.36 44.36 44.36  44.357 44.36 44.36 44.36 44.36 44.36
 [906,] 43.826 43.83 43.83 43.83  43.826 43.83 43.83 43.83 43.83 43.83
 [907,] 37.788 37.79 37.79 37.79  37.788 37.79 37.79 37.79 37.79 37.79
 [908,] 25.591 25.59 25.59 25.59  25.591 25.59 25.59 25.59 25.59 25.59
 [909,] 31.020 31.02 31.02 31.02  31.020 31.02 31.02 31.02 31.02 31.02
 [910,] 44.657 44.66 44.66 44.66  44.657 44.66 44.66 44.66 44.66 44.66
 [911,] 43.099 43.10 43.10 43.10  43.099 43.10 43.10 43.10 43.10 43.10
 [912,] 48.937 48.94 48.94 48.94  48.937 48.94 48.94 48.94 48.94 48.94
 [913,] 41.621 41.62 41.62 41.62  41.621 41.62 41.62 41.62 41.62 41.62
 [914,] 46.093 44.69 51.65 40.97  19.099 47.60 50.93 49.61 33.47 48.51
 [915,] 46.123 46.12 46.12 46.12  46.123 46.12 46.12 46.12 46.12 46.12
 [916,] 39.083 39.08 39.08 39.08  39.083 39.08 39.08 39.08 39.08 39.08
 [917,] 41.293 41.29 41.29 41.29  41.293 41.29 41.29 41.29 41.29 41.29
 [918,] 52.367 52.37 52.37 52.37  52.367 52.37 52.37 52.37 52.37 52.37
 [919,] 45.506 45.51 45.51 45.51  45.506 45.51 45.51 45.51 45.51 45.51
 [920,] 48.998 49.00 49.00 49.00  48.998 49.00 49.00 49.00 49.00 49.00
 [921,] 46.741 80.59 42.95 53.88  58.757 50.56 52.31 55.01 58.41 75.67
 [922,] 39.292 39.29 39.29 39.29  39.292 39.29 39.29 39.29 39.29 39.29
 [923,] 42.696 42.70 42.70 42.70  42.696 42.70 42.70 42.70 42.70 42.70
 [924,] 39.081 39.08 39.08 39.08  39.081 39.08 39.08 39.08 39.08 39.08
 [925,] 40.099 40.10 40.10 40.10  40.099 40.10 40.10 40.10 40.10 40.10
 [926,] 43.099 43.10 43.10 43.10  43.099 43.10 43.10 43.10 43.10 43.10
 [927,] 44.805 44.80 44.80 44.80  44.805 44.80 44.80 44.80 44.80 44.80
 [928,] 31.938 31.94 31.94 31.94  31.938 31.94 31.94 31.94 31.94 31.94
 [929,] 31.910 41.01 63.50 34.10  46.137 46.76 47.79 42.00 40.72 63.38
 [930,] 44.657 44.66 44.66 44.66  44.657 44.66 44.66 44.66 44.66 44.66
 [931,] 44.805 44.80 44.80 44.80  44.805 44.80 44.80 44.80 44.80 44.80
 [932,] 43.099 43.10 43.10 43.10  43.099 43.10 43.10 43.10 43.10 43.10
 [933,] 50.977 50.98 50.98 50.98  50.977 50.98 50.98 50.98 50.98 50.98
 [934,] 46.514 46.51 46.51 46.51  46.514 46.51 46.51 46.51 46.51 46.51
 [935,] 43.028 43.03 43.03 43.03  43.028 43.03 43.03 43.03 43.03 43.03
 [936,] 47.460 42.51 43.97 54.44  48.590 28.82 62.95 66.40 68.96 56.92
 [937,] 44.805 44.80 44.80 44.80  44.805 44.80 44.80 44.80 44.80 44.80
 [938,] 45.907 45.91 45.91 45.91  45.907 45.91 45.91 45.91 45.91 45.91
 [939,] 43.099 43.10 43.10 43.10  43.099 43.10 43.10 43.10 43.10 43.10
 [940,] 21.340 21.34 21.34 21.34  21.340 21.34 21.34 21.34 21.34 21.34
 [941,] 47.679 47.68 47.68 47.68  47.679 47.68 47.68 47.68 47.68 47.68
 [942,] 40.175 40.18 40.18 40.18  40.175 40.18 40.18 40.18 40.18 40.18
 [943,] 26.873 63.39 56.36 38.69  65.129 43.28 51.03 60.41 36.86 57.54
 [944,] 44.691 44.69 44.69 44.69  44.691 44.69 44.69 44.69 44.69 44.69
 [945,] 43.099 43.10 43.10 43.10  43.099 43.10 43.10 43.10 43.10 43.10
 [946,] 43.959 43.96 43.96 43.96  43.959 43.96 43.96 43.96 43.96 43.96
 [947,] 43.089 43.09 43.09 43.09  43.089 43.09 43.09 43.09 43.09 43.09
 [948,] 67.380 84.01 58.75 40.34  57.042 51.04 63.76 65.20 69.28 36.85
 [949,] 43.178 43.18 43.18 43.18  43.178 43.18 43.18 43.18 43.18 43.18
 [950,] 55.780 55.78 55.78 55.78  55.780 55.78 55.78 55.78 55.78 55.78
 [951,] 35.998 42.94 41.16 46.44  46.938 40.81 35.21 50.40 53.99 51.54
 [952,] 44.657 44.66 44.66 44.66  44.657 44.66 44.66 44.66 44.66 44.66
 [953,] 47.532 47.53 47.53 47.53  47.532 47.53 47.53 47.53 47.53 47.53
 [954,] 44.551 44.55 44.55 44.55  44.551 44.55 44.55 44.55 44.55 44.55
 [955,] 44.805 44.80 44.80 44.80  44.805 44.80 44.80 44.80 44.80 44.80
 [956,] 49.962 49.96 49.96 49.96  49.962 49.96 49.96 49.96 49.96 49.96
 [957,] 37.643 37.64 37.64 37.64  37.643 37.64 37.64 37.64 37.64 37.64
 [958,] 43.687 43.69 43.69 43.69  43.687 43.69 43.69 43.69 43.69 43.69
 [959,] 39.241 39.24 39.24 39.24  39.241 39.24 39.24 39.24 39.24 39.24
 [960,] 46.251 46.25 46.25 46.25  46.251 46.25 46.25 46.25 46.25 46.25
 [961,] 47.541 47.54 47.54 47.54  47.541 47.54 47.54 47.54 47.54 47.54
 [962,] 30.690 30.69 30.69 30.69  30.690 30.69 30.69 30.69 30.69 30.69
 [963,] 45.506 45.51 45.51 45.51  45.506 45.51 45.51 45.51 45.51 45.51
 [964,] 44.805 44.80 44.80 44.80  44.805 44.80 44.80 44.80 44.80 44.80
 [965,] 42.069 42.07 42.07 42.07  42.069 42.07 42.07 42.07 42.07 42.07
 [966,] 45.392 45.39 45.39 45.39  45.392 45.39 45.39 45.39 45.39 45.39
 [967,] 27.431 27.43 27.43 27.43  27.431 27.43 27.43 27.43 27.43 27.43
 [968,] 39.421 39.42 39.42 39.42  39.421 39.42 39.42 39.42 39.42 39.42
 [969,] 43.826 43.83 43.83 43.83  43.826 43.83 43.83 43.83 43.83 43.83
 [970,] 45.794 45.79 45.79 45.79  45.794 45.79 45.79 45.79 45.79 45.79
 [971,] 45.976 45.98 45.98 45.98  45.976 45.98 45.98 45.98 45.98 45.98
 [972,] 29.964 29.96 29.96 29.96  29.964 29.96 29.96 29.96 29.96 29.96
 [973,] 44.805 44.80 44.80 44.80  44.805 44.80 44.80 44.80 44.80 44.80
 [974,] 52.286 52.29 52.29 52.29  52.286 52.29 52.29 52.29 52.29 52.29
 [975,] 43.590 43.59 43.59 43.59  43.590 43.59 43.59 43.59 43.59 43.59
 [976,] 41.446 41.45 41.45 41.45  41.446 41.45 41.45 41.45 41.45 41.45
 [977,] 48.507 48.51 48.51 48.51  48.507 48.51 48.51 48.51 48.51 48.51
 [978,] 43.394 43.39 43.39 43.39  43.394 43.39 43.39 43.39 43.39 43.39
 [979,] 44.468 44.47 44.47 44.47  44.468 44.47 44.47 44.47 44.47 44.47
 [980,] 48.013 48.01 48.01 48.01  48.013 48.01 48.01 48.01 48.01 48.01
 [981,] 53.134 53.13 53.13 53.13  53.134 53.13 53.13 53.13 53.13 53.13
 [982,] 83.859 43.46 71.07 40.11  69.935 62.75 56.25 69.90 62.30 79.34
 [983,] 46.123 46.12 46.12 46.12  46.123 46.12 46.12 46.12 46.12 46.12
 [984,] 36.793 36.79 36.79 36.79  36.793 36.79 36.79 36.79 36.79 36.79
 [985,] 41.756 41.76 41.76 41.76  41.756 41.76 41.76 41.76 41.76 41.76
 [986,] 48.757 48.76 48.76 48.76  48.757 48.76 48.76 48.76 48.76 48.76
 [987,] 48.056 48.06 48.06 48.06  48.056 48.06 48.06 48.06 48.06 48.06
 [988,] 63.196 85.28 41.62 73.66  41.302 43.64 89.63 45.64 65.59 80.90
 [989,] 39.505 39.51 39.51 39.51  39.505 39.51 39.51 39.51 39.51 39.51
 [990,] 48.267 48.27 48.27 48.27  48.267 48.27 48.27 48.27 48.27 48.27
 [991,] 70.356 63.14 80.58 56.85  56.785 79.13 71.88 43.96 65.26 51.46
 [992,] 41.522 41.52 41.52 41.52  41.522 41.52 41.52 41.52 41.52 41.52
 [993,] 44.805 44.80 44.80 44.80  44.805 44.80 44.80 44.80 44.80 44.80
 [994,] 44.805 44.80 44.80 44.80  44.805 44.80 44.80 44.80 44.80 44.80
 [995,] 37.626 37.63 37.63 37.63  37.626 37.63 37.63 37.63 37.63 37.63
 [996,] 31.557 31.56 31.56 31.56  31.557 31.56 31.56 31.56 31.56 31.56
 [997,] 39.672 39.67 39.67 39.67  39.672 39.67 39.67 39.67 39.67 39.67
 [998,] 41.922 41.92 41.92 41.92  41.922 41.92 41.92 41.92 41.92 41.92
 [999,] 51.868 51.87 51.87 51.87  51.868 51.87 51.87 51.87 51.87 51.87
[1000,] 46.094 46.09 46.09 46.09  46.094 46.09 46.09 46.09 46.09 46.09
[1001,] 29.753 29.75 29.75 29.75  29.753 29.75 29.75 29.75 29.75 29.75
[1002,] 50.276 50.28 50.28 50.28  50.276 50.28 50.28 50.28 50.28 50.28
[1003,] 43.239 43.24 43.24 43.24  43.239 43.24 43.24 43.24 43.24 43.24
[1004,] 47.232 47.23 47.23 47.23  47.232 47.23 47.23 47.23 47.23 47.23
[1005,] 36.828 36.83 36.83 36.83  36.828 36.83 36.83 36.83 36.83 36.83
[1006,] 47.499 47.50 47.50 47.50  47.499 47.50 47.50 47.50 47.50 47.50
[1007,] 46.463 46.46 46.46 46.46  46.463 46.46 46.46 46.46 46.46 46.46
[1008,] 49.108 49.11 49.11 49.11  49.108 49.11 49.11 49.11 49.11 49.11
[1009,] 45.179 45.18 45.18 45.18  45.179 45.18 45.18 45.18 45.18 45.18
[1010,] 37.074 37.07 37.07 37.07  37.074 37.07 37.07 37.07 37.07 37.07
[1011,] 44.805 44.80 44.80 44.80  44.805 44.80 44.80 44.80 44.80 44.80
[1012,] 26.657 26.66 26.66 26.66  26.657 26.66 26.66 26.66 26.66 26.66
[1013,] 48.851 48.85 48.85 48.85  48.851 48.85 48.85 48.85 48.85 48.85
[1014,] 46.123 46.12 46.12 46.12  46.123 46.12 46.12 46.12 46.12 46.12
[1015,] 48.777 48.78 48.78 48.78  48.777 48.78 48.78 48.78 48.78 48.78
[1016,] 40.765 40.77 40.77 40.77  40.765 40.77 40.77 40.77 40.77 40.77
[1017,] 47.158 47.16 47.16 47.16  47.158 47.16 47.16 47.16 47.16 47.16
[1018,] 63.690 48.51 33.29 30.46  64.961 50.52 59.45 63.99 47.26 79.32
[1019,] 45.974 45.97 45.97 45.97  45.974 45.97 45.97 45.97 45.97 45.97
[1020,] 43.137 43.14 43.14 43.14  43.137 43.14 43.14 43.14 43.14 43.14
[1021,] 61.911 60.80 51.53 55.34  37.277 71.36 29.58 39.72 50.72 56.28
[1022,] 35.773 35.77 35.77 35.77  35.773 35.77 35.77 35.77 35.77 35.77
[1023,] 49.519 69.67 66.46 45.15  60.579 82.76 53.26 53.48 58.67 77.12
[1024,] 48.851 48.85 48.85 48.85  48.851 48.85 48.85 48.85 48.85 48.85
[1025,] 51.334 51.33 51.33 51.33  51.334 51.33 51.33 51.33 51.33 51.33
[1026,] 45.531 45.53 45.53 45.53  45.531 45.53 45.53 45.53 45.53 45.53
[1027,] 44.805 44.80 44.80 44.80  44.805 44.80 44.80 44.80 44.80 44.80
[1028,] 36.030 36.03 36.03 36.03  36.030 36.03 36.03 36.03 36.03 36.03
[1029,] 46.062 46.06 46.06 46.06  46.062 46.06 46.06 46.06 46.06 46.06
[1030,] 73.003 71.22 70.14 69.92  45.679 50.24 36.88 52.99 55.22 66.62
[1031,] 41.167 41.17 41.17 41.17  41.167 41.17 41.17 41.17 41.17 41.17
[1032,] 44.805 44.80 44.80 44.80  44.805 44.80 44.80 44.80 44.80 44.80
[1033,] 44.805 44.80 44.80 44.80  44.805 44.80 44.80 44.80 44.80 44.80
[1034,] 40.014 40.01 40.01 40.01  40.014 40.01 40.01 40.01 40.01 40.01
[1035,] 45.974 45.97 45.97 45.97  45.974 45.97 45.97 45.97 45.97 45.97
[1036,] 47.294 47.29 47.29 47.29  47.294 47.29 47.29 47.29 47.29 47.29
[1037,] 45.976 45.98 45.98 45.98  45.976 45.98 45.98 45.98 45.98 45.98
[1038,] 45.392 45.39 45.39 45.39  45.392 45.39 45.39 45.39 45.39 45.39
[1039,] 47.586 47.59 47.59 47.59  47.586 47.59 47.59 47.59 47.59 47.59
[1040,] 43.106 43.11 43.11 43.11  43.106 43.11 43.11 43.11 43.11 43.11
[1041,] 46.562 46.56 46.56 46.56  46.562 46.56 46.56 46.56 46.56 46.56
[1042,] 37.914 37.91 37.91 37.91  37.914 37.91 37.91 37.91 37.91 37.91
[1043,] 51.130 51.13 51.13 51.13  51.130 51.13 51.13 51.13 51.13 51.13
[1044,] 41.110 41.11 41.11 41.11  41.110 41.11 41.11 41.11 41.11 41.11
[1045,] 58.361 37.51 43.00 33.05  55.630 52.91 66.89 68.01 55.99 52.73
[1046,] 44.805 44.80 44.80 44.80  44.805 44.80 44.80 44.80 44.80 44.80
[1047,] 45.392 45.39 45.39 45.39  45.392 45.39 45.39 45.39 45.39 45.39
[1048,] 46.123 46.12 46.12 46.12  46.123 46.12 46.12 46.12 46.12 46.12
[1049,] 48.370 48.37 48.37 48.37  48.370 48.37 48.37 48.37 48.37 48.37
[1050,] 44.657 44.66 44.66 44.66  44.657 44.66 44.66 44.66 44.66 44.66
[1051,] 50.307 50.31 50.31 50.31  50.307 50.31 50.31 50.31 50.31 50.31
[1052,] 36.174 36.17 36.17 36.17  36.174 36.17 36.17 36.17 36.17 36.17
[1053,] 44.657 44.66 44.66 44.66  44.657 44.66 44.66 44.66 44.66 44.66
[1054,] 45.394 45.39 45.39 45.39  45.394 45.39 45.39 45.39 45.39 45.39
[1055,] 45.392 45.39 45.39 45.39  45.392 45.39 45.39 45.39 45.39 45.39
[1056,] 54.923 53.87 39.84 75.66  54.520 56.35 52.04 71.69 54.38 63.36
[1057,] 30.512 70.91 58.22 40.04  51.825 74.70 67.84 41.85 81.81 54.59
[1058,] 45.967 54.79 53.32 66.48  53.801 51.28 52.07 70.55 45.51 47.87
[1059,] 43.636 71.51 56.38 77.86  50.591 55.72 59.72 62.54 50.44 65.17
[1060,] 39.081 39.08 39.08 39.08  39.081 39.08 39.08 39.08 39.08 39.08
[1061,] 40.275 40.27 40.27 40.27  40.275 40.27 40.27 40.27 40.27 40.27
[1062,] 33.862 33.86 33.86 33.86  33.862 33.86 33.86 33.86 33.86 33.86
[1063,] 45.976 45.98 45.98 45.98  45.976 45.98 45.98 45.98 45.98 45.98
[1064,] 83.095 74.93 56.58 58.25  46.725 46.31 31.50 57.29 49.74 35.10
[1065,] 60.157 77.61 66.86 70.90  54.009 56.19 70.81 52.17 75.10 55.56
[1066,] 84.954 96.74 62.36 50.71  77.042 82.00 78.19 63.75 53.76 66.53
[1067,] 46.764 46.76 46.76 46.76  46.764 46.76 46.76 46.76 46.76 46.76
[1068,] 45.506 45.51 45.51 45.51  45.506 45.51 45.51 45.51 45.51 45.51
[1069,] 42.633 42.63 42.63 42.63  42.633 42.63 42.63 42.63 42.63 42.63
[1070,] 40.217 40.22 40.22 40.22  40.217 40.22 40.22 40.22 40.22 40.22
[1071,] 48.620 48.62 48.62 48.62  48.620 48.62 48.62 48.62 48.62 48.62
[1072,] 48.267 48.27 48.27 48.27  48.267 48.27 48.27 48.27 48.27 48.27
